../Drivers/CMSIS/Include/core_cm4.h:1933:34:__NVIC_SystemReset	4	static,ignoring_inline_asm
../Core/Src/main.c:119:6:I2C_Scan	64	static
../Core/Src/main.c:148:6:VEML7700_WriteRegister	24	static
../Core/Src/main.c:156:10:VEML7700_ReadRegister	24	static
../Core/Src/main.c:163:6:VEML7700_Init	8	static
../Core/Src/main.c:170:7:VEML7700_GetLux	16	static
../Core/Src/main.c:178:6:AfficherLumiere	80	static
../Core/Src/main.c:192:5:main	40	static
../Core/Src/main.c:382:6:SystemClock_Config	96	static
../Core/Src/main.c:437:13:MX_I2C1_Init	8	static
../Core/Src/main.c:485:13:MX_I2C4_Init	8	static
../Core/Src/main.c:533:13:MX_LPUART1_UART_Init	8	static
../Core/Src/main.c:567:13:MX_RTC_Init	8	static
../Core/Src/main.c:603:13:MX_SPI2_Init	8	static
../Core/Src/main.c:643:13:MX_SPI3_Init	8	static
../Core/Src/main.c:683:13:MX_TIM2_Init	40	static
../Core/Src/main.c:728:13:MX_GPIO_Init	48	static
../Core/Src/main.c:803:6:EXTI9_5_IRQHandler	8	static
../Core/Src/main.c:842:6:HAL_I2C_SlaveTxCpltCallback	16	static
../Core/Src/main.c:850:6:HAL_I2C_SlaveRxCpltCallback	16	static
../Core/Src/main.c:858:6:HAL_I2C_AddrCallback	24	static
../Core/Src/main.c:879:6:HAL_I2C_ListenCpltCallback	16	static
../Core/Src/main.c:892:6:HAL_I2C_ErrorCallback	16	static
../Core/Src/main.c:908:6:HAL_TIM_PeriodElapsedCallback	24	static
../Core/Src/main.c:914:6:SPI2_IRQHandler	8	static
../Core/Src/main.c:919:6:HAL_SPI_TxRxCpltCallback	24	static,ignoring_inline_asm
../Core/Src/main.c:981:6:Error_Handler	8	static,ignoring_inline_asm
