../Core/Src/SI4463.c:13:6:radio_comm_SendCmd	24	static
../Core/Src/SI4463.c:21:9:radio_comm_GetResp	40	static
../Core/Src/SI4463.c:53:9:radio_comm_SendCmdGetResp	24	static
../Core/Src/SI4463.c:63:9:si446x_poll_cts	32	static
../Core/Src/SI4463.c:82:9:radio_comm_ReadData	32	static
../Core/Src/SI4463.c:97:9:config_si4463	32	static
../Core/Src/SI4463.c:115:6:si446x_power_up	24	static
../Core/Src/SI4463.c:130:9:si446x_part_info	24	static
../Core/Src/SI4463.c:150:6:si446x_get_int_status	32	static
../Core/Src/SI4463.c:167:6:si446x_gpio_pin_cfg	40	static
../Core/Src/SI4463.c:183:6:si446x_start_rx	32	static
../Core/Src/SI4463.c:198:6:si446x_read_rx_fifo	24	static
../Core/Src/SI4463.c:203:6:si446x_fifo_info	32	static
../Core/Src/SI4463.c:214:6:reset_si4463	8	static
../Core/Src/SI4463.c:220:6:power_vhf	16	static
../Core/Src/SI4463.c:232:6:init_rx_irq	8	static
../Core/Src/SI4463.c:240:6:VHF_InterruptFetch	16	static
../Core/Src/SI4463.c:265:6:si446x_cts_it_poll	8	static
../Core/Src/SI4463.c:272:6:VHF_rstfifo_startrx	16	static
