../Core/Src/main.c:84:6:DHT22_Start	40	static
../Core/Src/main.c:100:9:DHT22_Check_Response	56	static
../Core/Src/main.c:119:9:DHT22_Read_Byte	24	static
../Core/Src/main.c:134:9:DHT22_Read	32	static
../Core/Src/main.c:150:6:Read_DHT22_UART	104	static
../Core/Src/main.c:174:5:main	8	static
../Core/Src/main.c:230:6:SystemClock_Config	80	static
../Core/Src/main.c:274:13:MX_USART2_UART_Init	8	static
../Core/Src/main.c:307:13:MX_GPIO_Init	48	static
../Core/Src/main.c:353:6:Error_Handler	4	static,ignoring_inline_asm
