../Core/Src/main.c:91:6:DHT22_Start	40	static
../Core/Src/main.c:107:9:DHT22_Check_Response	56	static
../Core/Src/main.c:126:9:DHT22_Read_Byte	24	static
../Core/Src/main.c:141:9:DHT22_Read	32	static
../Core/Src/main.c:157:6:Read_DHT22_UART	104	static
../Core/Src/main.c:180:5:main	16	static
../Core/Src/main.c:241:6:SystemClock_Config	88	static
../Core/Src/main.c:288:6:MX_TIM3_Init	64	static
../Core/Src/main.c:346:6:MX_USART2_UART_Init	8	static
../Core/Src/main.c:379:6:MX_GPIO_Init	48	static
../Core/Src/main.c:428:6:Error_Handler	4	static,ignoring_inline_asm
