Archive member included to satisfy reference by file (symbol)

/opt/st/stm32cubeide_1.17.0/plugins/com.st.stm32cube.ide.mcu.externaltools.gnu-tools-for-stm32.12.3.rel1.linux64_1.1.0.202410170702/tools/bin/../lib/gcc/arm-none-eabi/12.3.1/../../../../arm-none-eabi/lib/thumb/v7e-m+fp/hard/libc_nano.a(libc_a-exit.o)
                              /opt/st/stm32cubeide_1.17.0/plugins/com.st.stm32cube.ide.mcu.externaltools.gnu-tools-for-stm32.12.3.rel1.linux64_1.1.0.202410170702/tools/bin/../lib/gcc/arm-none-eabi/12.3.1/../../../../arm-none-eabi/lib/thumb/v7e-m+fp/hard/crt0.o (exit)
/opt/st/stm32cubeide_1.17.0/plugins/com.st.stm32cube.ide.mcu.externaltools.gnu-tools-for-stm32.12.3.rel1.linux64_1.1.0.202410170702/tools/bin/../lib/gcc/arm-none-eabi/12.3.1/../../../../arm-none-eabi/lib/thumb/v7e-m+fp/hard/libc_nano.a(libc_a-nano-vfprintf_float.o)
                              (_printf_float)
/opt/st/stm32cubeide_1.17.0/plugins/com.st.stm32cube.ide.mcu.externaltools.gnu-tools-for-stm32.12.3.rel1.linux64_1.1.0.202410170702/tools/bin/../lib/gcc/arm-none-eabi/12.3.1/../../../../arm-none-eabi/lib/thumb/v7e-m+fp/hard/libc_nano.a(libc_a-nano-vfprintf_i.o)
                              /opt/st/stm32cubeide_1.17.0/plugins/com.st.stm32cube.ide.mcu.externaltools.gnu-tools-for-stm32.12.3.rel1.linux64_1.1.0.202410170702/tools/bin/../lib/gcc/arm-none-eabi/12.3.1/../../../../arm-none-eabi/lib/thumb/v7e-m+fp/hard/libc_nano.a(libc_a-nano-vfprintf_float.o) (_printf_common)
/opt/st/stm32cubeide_1.17.0/plugins/com.st.stm32cube.ide.mcu.externaltools.gnu-tools-for-stm32.12.3.rel1.linux64_1.1.0.202410170702/tools/bin/../lib/gcc/arm-none-eabi/12.3.1/../../../../arm-none-eabi/lib/thumb/v7e-m+fp/hard/libc_nano.a(libc_a-findfp.o)
                              /opt/st/stm32cubeide_1.17.0/plugins/com.st.stm32cube.ide.mcu.externaltools.gnu-tools-for-stm32.12.3.rel1.linux64_1.1.0.202410170702/tools/bin/../lib/gcc/arm-none-eabi/12.3.1/../../../../arm-none-eabi/lib/thumb/v7e-m+fp/hard/libc_nano.a(libc_a-exit.o) (__stdio_exit_handler)
/opt/st/stm32cubeide_1.17.0/plugins/com.st.stm32cube.ide.mcu.externaltools.gnu-tools-for-stm32.12.3.rel1.linux64_1.1.0.202410170702/tools/bin/../lib/gcc/arm-none-eabi/12.3.1/../../../../arm-none-eabi/lib/thumb/v7e-m+fp/hard/libc_nano.a(libc_a-fwalk.o)
                              /opt/st/stm32cubeide_1.17.0/plugins/com.st.stm32cube.ide.mcu.externaltools.gnu-tools-for-stm32.12.3.rel1.linux64_1.1.0.202410170702/tools/bin/../lib/gcc/arm-none-eabi/12.3.1/../../../../arm-none-eabi/lib/thumb/v7e-m+fp/hard/libc_nano.a(libc_a-findfp.o) (_fwalk_sglue)
/opt/st/stm32cubeide_1.17.0/plugins/com.st.stm32cube.ide.mcu.externaltools.gnu-tools-for-stm32.12.3.rel1.linux64_1.1.0.202410170702/tools/bin/../lib/gcc/arm-none-eabi/12.3.1/../../../../arm-none-eabi/lib/thumb/v7e-m+fp/hard/libc_nano.a(libc_a-printf.o)
                              ./Core/Src/logMngt/log.o (printf)
/opt/st/stm32cubeide_1.17.0/plugins/com.st.stm32cube.ide.mcu.externaltools.gnu-tools-for-stm32.12.3.rel1.linux64_1.1.0.202410170702/tools/bin/../lib/gcc/arm-none-eabi/12.3.1/../../../../arm-none-eabi/lib/thumb/v7e-m+fp/hard/libc_nano.a(libc_a-puts.o)
                              ./Core/Src/logMngt/log.o (puts)
/opt/st/stm32cubeide_1.17.0/plugins/com.st.stm32cube.ide.mcu.externaltools.gnu-tools-for-stm32.12.3.rel1.linux64_1.1.0.202410170702/tools/bin/../lib/gcc/arm-none-eabi/12.3.1/../../../../arm-none-eabi/lib/thumb/v7e-m+fp/hard/libc_nano.a(libc_a-snprintf.o)
                              ./Core/Src/main.o (snprintf)
/opt/st/stm32cubeide_1.17.0/plugins/com.st.stm32cube.ide.mcu.externaltools.gnu-tools-for-stm32.12.3.rel1.linux64_1.1.0.202410170702/tools/bin/../lib/gcc/arm-none-eabi/12.3.1/../../../../arm-none-eabi/lib/thumb/v7e-m+fp/hard/libc_nano.a(libc_a-sprintf.o)
                              ./Core/Src/core/command.o (sprintf)
/opt/st/stm32cubeide_1.17.0/plugins/com.st.stm32cube.ide.mcu.externaltools.gnu-tools-for-stm32.12.3.rel1.linux64_1.1.0.202410170702/tools/bin/../lib/gcc/arm-none-eabi/12.3.1/../../../../arm-none-eabi/lib/thumb/v7e-m+fp/hard/libc_nano.a(libc_a-stdio.o)
                              /opt/st/stm32cubeide_1.17.0/plugins/com.st.stm32cube.ide.mcu.externaltools.gnu-tools-for-stm32.12.3.rel1.linux64_1.1.0.202410170702/tools/bin/../lib/gcc/arm-none-eabi/12.3.1/../../../../arm-none-eabi/lib/thumb/v7e-m+fp/hard/libc_nano.a(libc_a-findfp.o) (__sread)
/opt/st/stm32cubeide_1.17.0/plugins/com.st.stm32cube.ide.mcu.externaltools.gnu-tools-for-stm32.12.3.rel1.linux64_1.1.0.202410170702/tools/bin/../lib/gcc/arm-none-eabi/12.3.1/../../../../arm-none-eabi/lib/thumb/v7e-m+fp/hard/libc_nano.a(libc_a-wbuf.o)
                              /opt/st/stm32cubeide_1.17.0/plugins/com.st.stm32cube.ide.mcu.externaltools.gnu-tools-for-stm32.12.3.rel1.linux64_1.1.0.202410170702/tools/bin/../lib/gcc/arm-none-eabi/12.3.1/../../../../arm-none-eabi/lib/thumb/v7e-m+fp/hard/libc_nano.a(libc_a-puts.o) (__swbuf_r)
[...]
Memory Configuration

Name             Origin             Length             Attributes
RAM              0x20000000         0x00028000         xrw
RAM2             0x10000000         0x00008000         xrw
FLASH            0x08000000         0x00080000         xr
*default*        0x00000000         0xffffffff

Linker script and memory map

LOAD /opt/st/stm32cubeide_1.17.0/plugins/com.st.stm32cube.ide.mcu.externaltools.gnu-tools-for-stm32.12.3.rel1.linux64_1.1.0.202410170702/tools/bin/../lib/gcc/arm-none-eabi/12.3.1/thumb/v7e-m+fp/hard/crti.o
LOAD /opt/st/stm32cubeide_1.17.0/plugins/com.st.stm32cube.ide.mcu.externaltools.gnu-tools-for-stm32.12.3.rel1.linux64_1.1.0.202410170702/tools/bin/../lib/gcc/arm-none-eabi/12.3.1/thumb/v7e-m+fp/hard/crtbegin.o
LOAD /opt/st/stm32cubeide_1.17.0/plugins/com.st.stm32cube.ide.mcu.externaltools.gnu-tools-for-stm32.12.3.rel1.linux64_1.1.0.202410170702/tools/bin/../lib/gcc/arm-none-eabi/12.3.1/../../../../arm-none-eabi/lib/thumb/v7e-m+fp/hard/crt0.o
LOAD ./Core/Src/ADF7030.o
LOAD ./Core/Src/SI4463.o
LOAD ./Core/Src/main.o
LOAD ./Core/Src/stm32l4xx_hal_msp.o
LOAD ./Core/Src/stm32l4xx_it.o
LOAD ./Core/Src/syscalls.o
LOAD ./Core/Src/sysmem.o
LOAD ./Core/Src/system_stm32l4xx.o
LOAD ./Core/Src/SpinoDriver/spUART..o
LOAD ./Core/Src/ax25/ax25.o
LOAD ./Core/Src/core/command.o
LOAD ./Core/Src/core/control.o
LOAD ./Core/Src/core/informationMessage.o
LOAD ./Core/Src/core/setup.o
LOAD ./Core/Src/digipeaterMode/ModeDigipeater.o
LOAD ./Core/Src/drivers/modem.o
LOAD ./Core/Src/dropMsgMngt/DropMessage.o
LOAD ./Core/Src/experimentalMode/experimentalMode.o
LOAD ./Core/Src/logMngt/log.o
LOAD ./Core/Src/mailboxMode/mailbox.o
LOAD ./Core/Src/mailboxMode/modeMailbox.o
LOAD ./Core/Src/payloadMode/payloadMode.o
LOAD ./Core/Src/surveyMode/survey.o
LOAD ./Core/Startup/startup_stm32l451retx.o
LOAD ./Drivers/STM32L4xx_HAL_Driver/Src/stm32l4xx_hal.o
LOAD ./Drivers/STM32L4xx_HAL_Driver/Src/stm32l4xx_hal_cortex.o
LOAD ./Drivers/STM32L4xx_HAL_Driver/Src/stm32l4xx_hal_dma.o
LOAD ./Drivers/STM32L4xx_HAL_Driver/Src/stm32l4xx_hal_dma_ex.o
LOAD ./Drivers/STM32L4xx_HAL_Driver/Src/stm32l4xx_hal_exti.o
LOAD ./Drivers/STM32L4xx_HAL_Driver/Src/stm32l4xx_hal_flash.o
LOAD ./Drivers/STM32L4xx_HAL_Driver/Src/stm32l4xx_hal_flash_ex.o
LOAD ./Drivers/STM32L4xx_HAL_Driver/Src/stm32l4xx_hal_flash_ramfunc.o
LOAD ./Drivers/STM32L4xx_HAL_Driver/Src/stm32l4xx_hal_gpio.o
LOAD ./Drivers/STM32L4xx_HAL_Driver/Src/stm32l4xx_hal_i2c.o
LOAD ./Drivers/STM32L4xx_HAL_Driver/Src/stm32l4xx_hal_i2c_ex.o
LOAD ./Drivers/STM32L4xx_HAL_Driver/Src/stm32l4xx_hal_pwr.o
LOAD ./Drivers/STM32L4xx_HAL_Driver/Src/stm32l4xx_hal_pwr_ex.o
LOAD ./Drivers/STM32L4xx_HAL_Driver/Src/stm32l4xx_hal_rcc.o
LOAD ./Drivers/STM32L4xx_HAL_Driver/Src/stm32l4xx_hal_rcc_ex.o
LOAD ./Drivers/STM32L4xx_HAL_Driver/Src/stm32l4xx_hal_rtc.o
LOAD ./Drivers/STM32L4xx_HAL_Driver/Src/stm32l4xx_hal_rtc_ex.o
LOAD ./Drivers/STM32L4xx_HAL_Driver/Src/stm32l4xx_hal_spi.o
LOAD ./Drivers/STM32L4xx_HAL_Driver/Src/stm32l4xx_hal_spi_ex.o
LOAD ./Drivers/STM32L4xx_HAL_Driver/Src/stm32l4xx_hal_tim.o
LOAD ./Drivers/STM32L4xx_HAL_Driver/Src/stm32l4xx_hal_tim_ex.o
LOAD ./Drivers/STM32L4xx_HAL_Driver/Src/stm32l4xx_hal_uart.o
LOAD ./Drivers/STM32L4xx_HAL_Driver/Src/stm32l4xx_hal_uart_ex.o
START GROUP
LOAD /opt/st/stm32cubeide_1.17.0/plugins/com.st.stm32cube.ide.mcu.externaltools.gnu-tools-for-stm32.12.3.rel1.linux64_1.1.0.202410170702/tools/bin/../lib/gcc/arm-none-eabi/12.3.1/../../../../arm-none-eabi/lib/thumb/v7e-m+fp/hard/libc_nano.a
LOAD /opt/st/stm32cubeide_1.17.0/plugins/com.st.stm32cube.ide.mcu.externaltools.gnu-tools-for-stm32.12.3.rel1.linux64_1.1.0.202410170702/tools/bin/../lib/gcc/arm-none-eabi/12.3.1/../../../../arm-none-eabi/lib/thumb/v7e-m+fp/hard/libm.a
END GROUP
START GROUP
LOAD /opt/st/stm32cubeide_1.17.0/plugins/com.st.stm32cube.ide.mcu.externaltools.gnu-tools-for-stm32.12.3.rel1.linux64_1.1.0.202410170702/tools/bin/../lib/gcc/arm-none-eabi/12.3.1/thumb/v7e-m+fp/hard/libgcc.a
LOAD /opt/st/stm32cubeide_1.17.0/plugins/com.st.stm32cube.ide.mcu.externaltools.gnu-tools-for-stm32.12.3.rel1.linux64_1.1.0.202410170702/tools/bin/../lib/gcc/arm-none-eabi/12.3.1/../../../../arm-none-eabi/lib/thumb/v7e-m+fp/hard/libc_nano.a
END GROUP
START GROUP
LOAD /opt/st/stm32cubeide_1.17.0/plugins/com.st.stm32cube.ide.mcu.externaltools.gnu-tools-for-stm32.12.3.rel1.linux64_1.1.0.202410170702/tools/bin/../lib/gcc/arm-none-eabi/12.3.1/thumb/v7e-m+fp/hard/libgcc.a
LOAD /opt/st/stm32cubeide_1.17.0/plugins/com.st.stm32cube.ide.mcu.externaltools.gnu-tools-for-stm32.12.3.rel1.linux64_1.1.0.202410170702/tools/bin/../lib/gcc/arm-none-eabi/12.3.1/../../../../arm-none-eabi/lib/thumb/v7e-m+fp/hard/libc_nano.a
LOAD /opt/st/stm32cubeide_1.17.0/plugins/com.st.stm32cube.ide.mcu.externaltools.gnu-tools-for-stm32.12.3.rel1.linux64_1.1.0.202410170702/tools/bin/../lib/gcc/arm-none-eabi/12.3.1/../../../../arm-none-eabi/lib/thumb/v7e-m+fp/hard/libnosys.a
END GROUP
START GROUP
LOAD /opt/st/stm32cubeide_1.17.0/plugins/com.st.stm32cube.ide.mcu.externaltools.gnu-tools-for-stm32.12.3.rel1.linux64_1.1.0.202410170702/tools/bin/../lib/gcc/arm-none-eabi/12.3.1/thumb/v7e-m+fp/hard/libgcc.a
LOAD /opt/st/stm32cubeide_1.17.0/plugins/com.st.stm32cube.ide.mcu.externaltools.gnu-tools-for-stm32.12.3.rel1.linux64_1.1.0.202410170702/tools/bin/../lib/gcc/arm-none-eabi/12.3.1/../../../../arm-none-eabi/lib/thumb/v7e-m+fp/hard/libc_nano.a
LOAD /opt/st/stm32cubeide_1.17.0/plugins/com.st.stm32cube.ide.mcu.externaltools.gnu-tools-for-stm32.12.3.rel1.linux64_1.1.0.202410170702/tools/bin/../lib/gcc/arm-none-eabi/12.3.1/../../../../arm-none-eabi/lib/thumb/v7e-m+fp/hard/libnosys.a
END GROUP
LOAD /opt/st/stm32cubeide_1.17.0/plugins/com.st.stm32cube.ide.mcu.externaltools.gnu-tools-for-stm32.12.3.rel1.linux64_1.1.0.202410170702/tools/bin/../lib/gcc/arm-none-eabi/12.3.1/thumb/v7e-m+fp/hard/crtend.o
LOAD /opt/st/stm32cubeide_1.17.0/plugins/com.st.stm32cube.ide.mcu.externaltools.gnu-tools-for-stm32.12.3.rel1.linux64_1.1.0.202410170702/tools/bin/../lib/gcc/arm-none-eabi/12.3.1/thumb/v7e-m+fp/hard/crtn.o
                0x20028000                        _estack = (ORIGIN (RAM) + LENGTH (RAM))
                0x00000200                        _Min_Heap_Size = 0x200
                0x00000400                        _Min_Stack_Size = 0x400

.isr_vector     0x08000000      0x194
                0x08000000                        . = ALIGN (0x4)
 *(.isr_vector)
 .isr_vector    0x08000000      0x194 ./Core/Startup/startup_stm32l451retx.o
                0x08000000                g_pfnVectors
                0x08000194                        . = ALIGN (0x4)

.text           0x080001a0    0x10648
                0x080001a0                        . = ALIGN (0x4)
 *(.text)
 .text          0x080001a0       0x40 /opt/st/stm32cubeide_1.17.0/plugins/com.st.stm32cube.ide.mcu.externaltools.gnu-tools-for-stm32.12.3.rel1.linux64_1.1.0.202410170702/tools/bin/../lib/gcc/arm-none-eabi/12.3.1/thumb/v7e-m+fp/hard/crtbegin.o
 .text          0x080001e0       0xa0 /opt/st/stm32cubeide_1.17.0/plugins/com.st.stm32cube.ide.mcu.externaltools.gnu-tools-for-stm32.12.3.rel1.linux64_1.1.0.202410170702/tools/bin/../lib/gcc/arm-none-eabi/12.3.1/../../../../arm-none-eabi/lib/thumb/v7e-m+fp/hard/libc_nano.a(libc_a-memchr.o)
                0x080001e0                memchr
 .text          0x08000280       0x10 /opt/st/stm32cubeide_1.17.0/plugins/com.st.stm32cube.ide.mcu.externaltools.gnu-tools-for-stm32.12.3.rel1.linux64_1.1.0.202410170702/tools/bin/../lib/gcc/arm-none-eabi/12.3.1/../../../../arm-none-eabi/lib/thumb/v7e-m+fp/hard/libc_nano.a(libc_a-strlen.o)
                0x08000280                strlen
 .text          0x08000290      0x378 /opt/st/stm32cubeide_1.17.0/plugins/com.st.stm32cube.ide.mcu.externaltools.gnu-tools-for-stm32.12.3.rel1.linux64_1.1.0.202410170702/tools/bin/../lib/gcc/arm-none-eabi/12.3.1/thumb/v7e-m+fp/hard/libgcc.a(_arm_addsubdf3.o)
                0x08000290                __aeabi_drsub
                0x08000298                __aeabi_dsub
                0x08000298                __subdf3
                0x0800029c                __adddf3
                0x0800029c                __aeabi_dadd
                0x08000514                __aeabi_ui2d
                0x08000514                __floatunsidf
                0x08000534                __floatsidf
                0x08000534                __aeabi_i2d
                0x08000558                __extendsfdf2
                0x08000558                __aeabi_f2d
                0x0800059c                __aeabi_ul2d
                0x0800059c                __floatundidf
                0x080005ac                __floatdidf
                0x080005ac                __aeabi_l2d
 .text          0x08000608      0x424 /opt/st/stm32cubeide_1.17.0/plugins/com.st.stm32cube.ide.mcu.externaltools.gnu-tools-for-stm32.12.3.rel1.linux64_1.1.0.202410170702/tools/bin/../lib/gcc/arm-none-eabi/12.3.1/thumb/v7e-m+fp/hard/libgcc.a(_arm_muldivdf3.o)
                0x08000608                __aeabi_dmul
                0x08000608                __muldf3
                0x0800085c                __aeabi_ddiv
                0x0800085c                __divdf3
 .text          0x08000a2c      0x110 /opt/st/stm32cubeide_1.17.0/plugins/com.st.stm32cube.ide.mcu.externaltools.gnu-tools-for-stm32.12.3.rel1.linux64_1.1.0.202410170702/tools/bin/../lib/gcc/arm-none-eabi/12.3.1/thumb/v7e-m+fp/hard/libgcc.a(_arm_cmpdf2.o)
                0x08000a2c                __gtdf2
                0x08000a2c                __gedf2
                0x08000a34                __ltdf2
                0x08000a34                __ledf2
                0x08000a3c                __cmpdf2
                0x08000a3c                __eqdf2
                0x08000a3c                __nedf2
                0x08000ab8                __aeabi_cdrcmple
                0x08000ac8                __aeabi_cdcmple
                0x08000ac8                __aeabi_cdcmpeq
                0x08000ad8                __aeabi_dcmpeq
                0x08000aec                __aeabi_dcmplt
                0x08000b00                __aeabi_dcmple
                0x08000b14                __aeabi_dcmpge
                0x08000b28                __aeabi_dcmpgt
 .text          0x08000b3c       0x2c /opt/st/stm32cubeide_1.17.0/plugins/com.st.stm32cube.ide.mcu.externaltools.gnu-tools-for-stm32.12.3.rel1.linux64_1.1.0.202410170702/tools/bin/../lib/gcc/arm-none-eabi/12.3.1/thumb/v7e-m+fp/hard/libgcc.a(_arm_unorddf2.o)
                0x08000b3c                __aeabi_dcmpun
                0x08000b3c                __unorddf2
 .text          0x08000b68       0x50 /opt/st/stm32cubeide_1.17.0/plugins/com.st.stm32cube.ide.mcu.externaltools.gnu-tools-for-stm32.12.3.rel1.linux64_1.1.0.202410170702/tools/bin/../lib/gcc/arm-none-eabi/12.3.1/thumb/v7e-m+fp/hard/libgcc.a(_arm_fixdfsi.o)
                0x08000b68                __fixdfsi
                0x08000b68                __aeabi_d2iz
 .text          0x08000bb8       0xa0 /opt/st/stm32cubeide_1.17.0/plugins/com.st.stm32cube.ide.mcu.externaltools.gnu-tools-for-stm32.12.3.rel1.linux64_1.1.0.202410170702/tools/bin/../lib/gcc/arm-none-eabi/12.3.1/thumb/v7e-m+fp/hard/libgcc.a(_arm_truncdfsf2.o)
                0x08000bb8                __aeabi_d2f
                0x08000bb8                __truncdfsf2
 .text          0x08000c58       0x30 /opt/st/stm32cubeide_1.17.0/plugins/com.st.stm32cube.ide.mcu.externaltools.gnu-tools-for-stm32.12.3.rel1.linux64_1.1.0.202410170702/tools/bin/../lib/gcc/arm-none-eabi/12.3.1/thumb/v7e-m+fp/hard/libgcc.a(_aeabi_uldivmod.o)
                0x08000c58                __aeabi_uldivmod
 .text          0x08000c88      0x2bc /opt/st/stm32cubeide_1.17.0/plugins/com.st.stm32cube.ide.mcu.externaltools.gnu-tools-for-stm32.12.3.rel1.linux64_1.1.0.202410170702/tools/bin/../lib/gcc/arm-none-eabi/12.3.1/thumb/v7e-m+fp/hard/libgcc.a(_udivmoddi4.o)
                0x08000c88                __udivmoddi4
 .text          0x08000f44        0x4 /opt/st/stm32cubeide_1.17.0/plugins/com.st.stm32cube.ide.mcu.externaltools.gnu-tools-for-stm32.12.3.rel1.linux64_1.1.0.202410170702/tools/bin/../lib/gcc/arm-none-eabi/12.3.1/thumb/v7e-m+fp/hard/libgcc.a(_dvmd_tls.o)
                0x08000f44                __aeabi_ldiv0
                0x08000f44                __aeabi_idiv0
 *(.text*)
 .text.SPI_Write
                0x08000f48       0x4c ./Core/Src/ADF7030.o
                0x08000f48                SPI_Write
 .text.SPI_ReadWrite
                0x08000f94       0x50 ./Core/Src/ADF7030.o
                0x08000f94                SPI_ReadWrite
 .text.adf_check_ready
                0x08000fe4       0x34 ./Core/Src/ADF7030.o
                0x08000fe4                adf_check_ready
 .text.adf_read_reg
                0x08001018      0x134 ./Core/Src/ADF7030.o
                0x08001018                adf_read_reg
 .text.adf_write_reg
                0x0800114c       0xdc ./Core/Src/ADF7030.o
                0x0800114c                adf_write_reg
 .text.adf_conf_pin
                0x08001228       0x4c ./Core/Src/ADF7030.o
                0x08001228                adf_conf_pin
 .text.adf_send_confblob
                0x08001274       0xd8 ./Core/Src/ADF7030.o
                0x08001274                adf_send_confblob
 .text.config_ADF7030
                0x0800134c       0xc8 ./Core/Src/ADF7030.o
                0x0800134c                config_ADF7030
 .text.adf_read_state
                0x08001414       0x4c ./Core/Src/ADF7030.o
                0x08001414                adf_read_state
 .text.init_uhf_txbuffer
                0x08001460       0x44 ./Core/Src/ADF7030.o
                0x08001460                init_uhf_txbuffer
 .text.adf_tx_data
                0x080014a4      0x12c ./Core/Src/ADF7030.o
                0x080014a4                adf_tx_data
 .text.radio_comm_SendCmd
                0x080015d0       0x40 ./Core/Src/SI4463.o
                0x080015d0                radio_comm_SendCmd
 .text.radio_comm_GetResp
                0x08001610       0xcc ./Core/Src/SI4463.o
                0x08001610                radio_comm_GetResp
 .text.radio_comm_SendCmdGetResp
                0x080016dc       0x5c ./Core/Src/SI4463.o
                0x080016dc                radio_comm_SendCmdGetResp
 .text.config_si4463
                0x08001738       0x70 ./Core/Src/SI4463.o
                0x08001738                config_si4463
 .text.si446x_part_info
                0x080017a8       0x48 ./Core/Src/SI4463.o
                0x080017a8                si446x_part_info
 .text.si446x_get_int_status
                0x080017f0       0x58 ./Core/Src/SI4463.o
                0x080017f0                si446x_get_int_status
 .text.si446x_start_rx
                0x08001848       0x64 ./Core/Src/SI4463.o
                0x08001848                si446x_start_rx
 .text.si446x_fifo_info
                0x080018ac       0x38 ./Core/Src/SI4463.o
                0x080018ac                si446x_fifo_info
 .text.reset_si4463
                0x080018e4       0x28 ./Core/Src/SI4463.o
                0x080018e4                reset_si4463
 .text.power_vhf
                0x0800190c       0x64 ./Core/Src/SI4463.o
                0x0800190c                power_vhf
 .text.si446x_cts_it_poll
                0x08001970       0x3c ./Core/Src/SI4463.o
                0x08001970                si446x_cts_it_poll
 .text.VHF_rstfifo_startrx
                0x080019ac       0x30 ./Core/Src/SI4463.o
                0x080019ac                VHF_rstfifo_startrx
 .text.__NVIC_SystemReset
                0x080019dc       0x2c ./Core/Src/main.o
 .text.I2C_Scan
                0x08001a08       0xf4 ./Core/Src/main.o
                0x08001a08                I2C_Scan
 .text.VEML7700_WriteRegister
                0x08001afc       0x30 ./Core/Src/main.o
                0x08001afc                VEML7700_WriteRegister
 .text.VEML7700_ReadRegister
                0x08001b2c       0x2a ./Core/Src/main.o
                0x08001b2c                VEML7700_ReadRegister
 .text.VEML7700_Init
                0x08001b56       0x16 ./Core/Src/main.o
                0x08001b56                VEML7700_Init
 *fill*         0x08001b6c        0x4 
 .text.VEML7700_GetLux
                0x08001b70       0x48 ./Core/Src/main.o
                0x08001b70                VEML7700_GetLux
 .text.AfficherLumiere
                0x08001bb8       0x4c ./Core/Src/main.o
                0x08001bb8                AfficherLumiere
 .text.main     0x08001c04      0x2b8 ./Core/Src/main.o
                0x08001c04                main
 .text.SystemClock_Config
                0x08001ebc       0xbc ./Core/Src/main.o
                0x08001ebc                SystemClock_Config
 .text.MX_I2C1_Init
                0x08001f78       0x80 ./Core/Src/main.o
 .text.MX_I2C4_Init
                0x08001ff8       0x80 ./Core/Src/main.o
 .text.MX_LPUART1_UART_Init
                0x08002078       0x58 ./Core/Src/main.o
 .text.MX_RTC_Init
                0x080020d0       0x50 ./Core/Src/main.o
 .text.MX_SPI2_Init
                0x08002120       0x7c ./Core/Src/main.o
 .text.MX_SPI3_Init
                0x0800219c       0x7c ./Core/Src/main.o
 .text.MX_TIM2_Init
                0x08002218       0x9c ./Core/Src/main.o
 .text.MX_GPIO_Init
                0x080022b4      0x17c ./Core/Src/main.o
 .text.EXTI9_5_IRQHandler
                0x08002430       0xac ./Core/Src/main.o
                0x08002430                EXTI9_5_IRQHandler
 .text.HAL_I2C_SlaveTxCpltCallback
                0x080024dc       0x14 ./Core/Src/main.o
                0x080024dc                HAL_I2C_SlaveTxCpltCallback
 .text.HAL_I2C_SlaveRxCpltCallback
                0x080024f0       0x14 ./Core/Src/main.o
                0x080024f0                HAL_I2C_SlaveRxCpltCallback
 .text.HAL_I2C_AddrCallback
                0x08002504       0x84 ./Core/Src/main.o
                0x08002504                HAL_I2C_AddrCallback
 .text.HAL_I2C_ListenCpltCallback
                0x08002588       0x8c ./Core/Src/main.o
                0x08002588                HAL_I2C_ListenCpltCallback
 .text.HAL_I2C_ErrorCallback
                0x08002614       0x24 ./Core/Src/main.o
                0x08002614                HAL_I2C_ErrorCallback
 .text.HAL_TIM_PeriodElapsedCallback
                0x08002638       0x38 ./Core/Src/main.o
                0x08002638                HAL_TIM_PeriodElapsedCallback
 .text.SPI2_IRQHandler
                0x08002670       0x14 ./Core/Src/main.o
                0x08002670                SPI2_IRQHandler
 .text.HAL_SPI_TxRxCpltCallback
                0x08002684      0x154 ./Core/Src/main.o
                0x08002684                HAL_SPI_TxRxCpltCallback
 .text.Error_Handler
                0x080027d8        0xc ./Core/Src/main.o
                0x080027d8                Error_Handler
 .text.HAL_MspInit
                0x080027e4       0x48 ./Core/Src/stm32l4xx_hal_msp.o
                0x080027e4                HAL_MspInit
 .text.HAL_I2C_MspInit
                0x0800282c      0x170 ./Core/Src/stm32l4xx_hal_msp.o
                0x0800282c                HAL_I2C_MspInit
 .text.HAL_UART_MspInit
                0x0800299c       0xb4 ./Core/Src/stm32l4xx_hal_msp.o
                0x0800299c                HAL_UART_MspInit
 .text.HAL_RTC_MspInit
                0x08002a50       0x60 ./Core/Src/stm32l4xx_hal_msp.o
                0x08002a50                HAL_RTC_MspInit
 .text.HAL_SPI_MspInit
                0x08002ab0      0x100 ./Core/Src/stm32l4xx_hal_msp.o
                0x08002ab0                HAL_SPI_MspInit
 .text.HAL_TIM_Base_MspInit
                0x08002bb0       0x48 ./Core/Src/stm32l4xx_hal_msp.o
                0x08002bb0                HAL_TIM_Base_MspInit
 .text.NMI_Handler
                0x08002bf8        0x8 ./Core/Src/stm32l4xx_it.o
                0x08002bf8                NMI_Handler
 .text.HardFault_Handler
                0x08002c00        0x8 ./Core/Src/stm32l4xx_it.o
                0x08002c00                HardFault_Handler
 .text.MemManage_Handler
                0x08002c08        0x8 ./Core/Src/stm32l4xx_it.o
                0x08002c08                MemManage_Handler
 .text.BusFault_Handler
                0x08002c10        0x8 ./Core/Src/stm32l4xx_it.o
                0x08002c10                BusFault_Handler
 .text.UsageFault_Handler
                0x08002c18        0x8 ./Core/Src/stm32l4xx_it.o
                0x08002c18                UsageFault_Handler
 .text.SVC_Handler
                0x08002c20        0xe ./Core/Src/stm32l4xx_it.o
                0x08002c20                SVC_Handler
 .text.DebugMon_Handler
                0x08002c2e        0xe ./Core/Src/stm32l4xx_it.o
                0x08002c2e                DebugMon_Handler
 .text.PendSV_Handler
                0x08002c3c        0xe ./Core/Src/stm32l4xx_it.o
                0x08002c3c                PendSV_Handler
 .text.SysTick_Handler
                0x08002c4a        0xc ./Core/Src/stm32l4xx_it.o
                0x08002c4a                SysTick_Handler
 *fill*         0x08002c56        0x2 
 .text.TIM2_IRQHandler
                0x08002c58       0x14 ./Core/Src/stm32l4xx_it.o
                0x08002c58                TIM2_IRQHandler
 .text.I2C1_EV_IRQHandler
                0x08002c6c       0x14 ./Core/Src/stm32l4xx_it.o
                0x08002c6c                I2C1_EV_IRQHandler
 .text.EXTI15_10_IRQHandler
                0x08002c80       0x10 ./Core/Src/stm32l4xx_it.o
                0x08002c80                EXTI15_10_IRQHandler
 .text.I2C4_EV_IRQHandler
                0x08002c90       0x14 ./Core/Src/stm32l4xx_it.o
                0x08002c90                I2C4_EV_IRQHandler
 .text.I2C4_ER_IRQHandler
                0x08002ca4       0x14 ./Core/Src/stm32l4xx_it.o
                0x08002ca4                I2C4_ER_IRQHandler
 .text._getpid  0x08002cb8       0x10 ./Core/Src/syscalls.o
                0x08002cb8                _getpid
 .text._kill    0x08002cc8       0x20 ./Core/Src/syscalls.o
                0x08002cc8                _kill
 .text._exit    0x08002ce8       0x16 ./Core/Src/syscalls.o
                0x08002ce8                _exit
 .text._read    0x08002cfe       0x3a ./Core/Src/syscalls.o
                0x08002cfe                _read
 .text._write   0x08002d38       0x38 ./Core/Src/syscalls.o
                0x08002d38                _write
 .text._close   0x08002d70       0x18 ./Core/Src/syscalls.o
                0x08002d70                _close
 .text._fstat   0x08002d88       0x20 ./Core/Src/syscalls.o
                0x08002d88                _fstat
 .text._isatty  0x08002da8       0x16 ./Core/Src/syscalls.o
                0x08002da8                _isatty
 .text._lseek   0x08002dbe       0x1a ./Core/Src/syscalls.o
                0x08002dbe                _lseek
 .text._sbrk    0x08002dd8       0x6c ./Core/Src/sysmem.o
                0x08002dd8                _sbrk
 .text.SystemInit
                0x08002e44       0x24 ./Core/Src/system_stm32l4xx.o
                0x08002e44                SystemInit
 .text.readUART
                0x08002e68       0xc4 ./Core/Src/SpinoDriver/spUART..o
                0x08002e68                readUART
 .text.writeUART
                0x08002f2c       0x28 ./Core/Src/SpinoDriver/spUART..o
                0x08002f2c                writeUART
 .text.convertToAX25Header
                0x08002f54       0xa6 ./Core/Src/ax25/ax25.o
                0x08002f54                convertToAX25Header
 .text.encodeAX25Header
                0x08002ffa       0xaa ./Core/Src/ax25/ax25.o
                0x08002ffa                encodeAX25Header
 .text.convertDataToAx25
                0x080030a4       0xb0 ./Core/Src/ax25/ax25.o
                0x080030a4                convertDataToAx25
 .text.calculateCRC
                0x08003154       0x7a ./Core/Src/ax25/ax25.o
                0x08003154                calculateCRC
 .text.reset    0x080031ce        0xe ./Core/Src/core/command.o
 .text.setValue
                0x080031dc      0x124 ./Core/Src/core/command.o
 .text.getValue
                0x08003300      0x268 ./Core/Src/core/command.o
 .text.interpretcommand
                0x08003568      0x56c ./Core/Src/core/command.o
                0x08003568                interpretcommand
 .text.processCommand
                0x08003ad4      0x1c4 ./Core/Src/core/command.o
                0x08003ad4                processCommand
 .text.setupControl
                0x08003c98       0x2c ./Core/Src/core/control.o
                0x08003c98                setupControl
 .text.inittlm  0x08003cc4       0x38 ./Core/Src/core/control.o
                0x08003cc4                inittlm
 .text.sendTLMWithoutDelay
                0x08003cfc       0xac ./Core/Src/core/control.o
                0x08003cfc                sendTLMWithoutDelay
 .text.sendTLM  0x08003da8      0x150 ./Core/Src/core/control.o
 .text.changeState
                0x08003ef8       0xdc ./Core/Src/core/control.o
                0x08003ef8                changeState
 .text.control  0x08003fd4      0x158 ./Core/Src/core/control.o
                0x08003fd4                control
 .text.setupInfoMessage
                0x0800412c       0x6c ./Core/Src/core/informationMessage.o
                0x0800412c                setupInfoMessage
 .text.setInfoMessage
                0x08004198       0xd8 ./Core/Src/core/informationMessage.o
                0x08004198                setInfoMessage
 .text.delInfoMessage
                0x08004270       0x78 ./Core/Src/core/informationMessage.o
                0x08004270                delInfoMessage
 .text.sendInfoMessage
                0x080042e8      0x244 ./Core/Src/core/informationMessage.o
                0x080042e8                sendInfoMessage
 .text.setupGlobalVariable
                0x0800452c      0x1c4 ./Core/Src/core/setup.o
                0x0800452c                setupGlobalVariable
 .text.digipeater
                0x080046f0      0x184 ./Core/Src/digipeaterMode/ModeDigipeater.o
                0x080046f0                digipeater
 .text.setModemMode
                0x08004874       0x2e ./Core/Src/drivers/modem.o
                0x08004874                setModemMode
 *fill*         0x080048a2        0x2 
 .text.ModemOpen
                0x080048a4       0x18 ./Core/Src/drivers/modem.o
                0x080048a4                ModemOpen
 .text.readData
                0x080048bc       0x30 ./Core/Src/drivers/modem.o
                0x080048bc                readData
 .text.readDataDebug
                0x080048ec       0x7a ./Core/Src/drivers/modem.o
                0x080048ec                readDataDebug
 *fill*         0x08004966        0x2 
 .text.readDataRX2
                0x08004968       0x38 ./Core/Src/drivers/modem.o
                0x08004968                readDataRX2
 .text.readDataRX
                0x080049a0      0x124 ./Core/Src/drivers/modem.o
                0x080049a0                readDataRX
 .text.writeData
                0x08004ac4       0x70 ./Core/Src/drivers/modem.o
                0x08004ac4                writeData
 .text.writeDataDebug
                0x08004b34       0x90 ./Core/Src/drivers/modem.o
                0x08004b34                writeDataDebug
 .text.writeDataTX
                0x08004bc4       0x8c ./Core/Src/drivers/modem.o
                0x08004bc4                writeDataTX
 .text.processDropMessage
                0x08004c50       0xdc ./Core/Src/dropMsgMngt/DropMessage.o
                0x08004c50                processDropMessage
 .text.getLastDroppedMessage
                0x08004d2c       0x74 ./Core/Src/dropMsgMngt/DropMessage.o
                0x08004d2c                getLastDroppedMessage
 .text.getAllDroppedMessage
                0x08004da0      0x1b0 ./Core/Src/dropMsgMngt/DropMessage.o
                0x08004da0                getAllDroppedMessage
 .text.initExpe
                0x08004f50       0x80 ./Core/Src/experimentalMode/experimentalMode.o
                0x08004f50                initExpe
 .text.expDownloadTLE
                0x08004fd0      0x1b4 ./Core/Src/experimentalMode/experimentalMode.o
 .text.interpretExperimentalCommmand
                0x08005184      0x380 ./Core/Src/experimentalMode/experimentalMode.o
                0x08005184                interpretExperimentalCommmand
 .text.sendBeaconExpe
                0x08005504       0xe4 ./Core/Src/experimentalMode/experimentalMode.o
                0x08005504                sendBeaconExpe
 .text.processExperimental
                0x080055e8      0x134 ./Core/Src/experimentalMode/experimentalMode.o
 .text.experimentalMode
                0x0800571c      0x138 ./Core/Src/experimentalMode/experimentalMode.o
                0x0800571c                experimentalMode
 .text.logger   0x08005854       0xc4 ./Core/Src/logMngt/log.o
                0x08005854                logger
 .text.getLastLog
                0x08005918       0x6c ./Core/Src/logMngt/log.o
                0x08005918                getLastLog
 .text.getAllLogs
                0x08005984      0x1b8 ./Core/Src/logMngt/log.o
                0x08005984                getAllLogs
 .text.initialise
                0x08005b3c      0x164 ./Core/Src/mailboxMode/mailbox.o
                0x08005b3c                initialise
 .text.addMessage
                0x08005ca0      0x300 ./Core/Src/mailboxMode/mailbox.o
                0x08005ca0                addMessage
 .text.deletteMessage
                0x08005fa0       0xc4 ./Core/Src/mailboxMode/mailbox.o
 .text.getListMailbox
                0x08006064       0xa4 ./Core/Src/mailboxMode/mailbox.o
                0x08006064                getListMailbox
 .text.deleteMailBox
                0x08006108       0xf0 ./Core/Src/mailboxMode/mailbox.o
                0x08006108                deleteMailBox
 .text.getLastMessage
                0x080061f8      0x1f8 ./Core/Src/mailboxMode/mailbox.o
 .text.getMessage
                0x080063f0      0x254 ./Core/Src/mailboxMode/mailbox.o
 .text.getAllMesage
                0x08006644      0x2c0 ./Core/Src/mailboxMode/mailbox.o
                0x08006644                getAllMesage
 .text.dumpMailbox
                0x08006904       0x5c ./Core/Src/mailboxMode/mailbox.o
 .text.interpretMailBoxcommand
                0x08006960      0x2c8 ./Core/Src/mailboxMode/mailbox.o
 .text.processMailbox
                0x08006c28      0x140 ./Core/Src/mailboxMode/mailbox.o
                0x08006c28                processMailbox
 .text.modeMailbox
                0x08006d68      0x100 ./Core/Src/mailboxMode/modeMailbox.o
                0x08006d68                modeMailbox
 .text.initPayload
                0x08006e68       0x24 ./Core/Src/payloadMode/payloadMode.o
                0x08006e68                initPayload
 .text.getAllI2Cdata
                0x08006e8c      0x1a8 ./Core/Src/payloadMode/payloadMode.o
                0x08006e8c                getAllI2Cdata
 .text.interpretcommandPayload
                0x08007034      0x174 ./Core/Src/payloadMode/payloadMode.o
                0x08007034                interpretcommandPayload
 .text.processCommandePayload
                0x080071a8      0x174 ./Core/Src/payloadMode/payloadMode.o
                0x080071a8                processCommandePayload
 .text.payloadMode
                0x0800731c      0x128 ./Core/Src/payloadMode/payloadMode.o
                0x0800731c                payloadMode
 .text.survey   0x08007444       0xc0 ./Core/Src/surveyMode/survey.o
                0x08007444                survey
 .text.Reset_Handler
                0x08007504       0x50 ./Core/Startup/startup_stm32l451retx.o
                0x08007504                Reset_Handler
 .text.Default_Handler
                0x08007554        0x2 ./Core/Startup/startup_stm32l451retx.o
                0x08007554                RTC_Alarm_IRQHandler
                0x08007554                EXTI2_IRQHandler
                0x08007554                TIM1_CC_IRQHandler
                0x08007554                TSC_IRQHandler
                0x08007554                TAMP_STAMP_IRQHandler
                0x08007554                EXTI3_IRQHandler
                0x08007554                LPTIM2_IRQHandler
                0x08007554                DFSDM1_FLT1_IRQHandler
                0x08007554                I2C3_ER_IRQHandler
                0x08007554                EXTI0_IRQHandler
                0x08007554                I2C2_EV_IRQHandler
                0x08007554                CAN1_RX0_IRQHandler
                0x08007554                FPU_IRQHandler
                0x08007554                TIM1_UP_TIM16_IRQHandler
                0x08007554                SPI1_IRQHandler
                0x08007554                TIM6_DAC_IRQHandler
                0x08007554                DMA2_Channel2_IRQHandler
                0x08007554                DMA1_Channel4_IRQHandler
                0x08007554                ADC1_IRQHandler
                0x08007554                USART3_IRQHandler
                0x08007554                DMA1_Channel7_IRQHandler
                0x08007554                CAN1_RX1_IRQHandler
                0x08007554                DMA2_Channel1_IRQHandler
                0x08007554                QUADSPI_IRQHandler
                0x08007554                DMA1_Channel6_IRQHandler
                0x08007554                UART4_IRQHandler
                0x08007554                DMA2_Channel4_IRQHandler
                0x08007554                TIM3_IRQHandler
                0x08007554                RCC_IRQHandler
                0x08007554                TIM1_TRG_COM_IRQHandler
                0x08007554                DMA1_Channel1_IRQHandler
                0x08007554                Default_Handler
                0x08007554                DMA2_Channel7_IRQHandler
                0x08007554                SDMMC1_IRQHandler
                0x08007554                I2C3_EV_IRQHandler
                0x08007554                RTC_WKUP_IRQHandler
                0x08007554                PVD_PVM_IRQHandler
                0x08007554                CAN1_TX_IRQHandler
                0x08007554                DMA2_Channel5_IRQHandler
                0x08007554                CRS_IRQHandler
                0x08007554                DMA1_Channel5_IRQHandler
                0x08007554                EXTI4_IRQHandler
                0x08007554                RNG_IRQHandler
                0x08007554                DMA1_Channel3_IRQHandler
                0x08007554                COMP_IRQHandler
                0x08007554                WWDG_IRQHandler
                0x08007554                LPUART1_IRQHandler
                0x08007554                DMA2_Channel6_IRQHandler
                0x08007554                EXTI1_IRQHandler
                0x08007554                USART2_IRQHandler
                0x08007554                DFSDM1_FLT0_IRQHandler
                0x08007554                I2C2_ER_IRQHandler
                0x08007554                DMA1_Channel2_IRQHandler
                0x08007554                CAN1_SCE_IRQHandler
                0x08007554                FLASH_IRQHandler
                0x08007554                USART1_IRQHandler
                0x08007554                SPI3_IRQHandler
                0x08007554                I2C1_ER_IRQHandler
                0x08007554                LPTIM1_IRQHandler
                0x08007554                SAI1_IRQHandler
                0x08007554                DMA2_Channel3_IRQHandler
                0x08007554                TIM1_BRK_TIM15_IRQHandler
 .text.HAL_Init
                0x08007556       0x30 ./Drivers/STM32L4xx_HAL_Driver/Src/stm32l4xx_hal.o
                0x08007556                HAL_Init
 *fill*         0x08007586        0x2 
 .text.HAL_InitTick
                0x08007588       0x78 ./Drivers/STM32L4xx_HAL_Driver/Src/stm32l4xx_hal.o
                0x08007588                HAL_InitTick
 .text.HAL_IncTick
                0x08007600       0x28 ./Drivers/STM32L4xx_HAL_Driver/Src/stm32l4xx_hal.o
                0x08007600                HAL_IncTick
 .text.HAL_GetTick
                0x08007628       0x18 ./Drivers/STM32L4xx_HAL_Driver/Src/stm32l4xx_hal.o
                0x08007628                HAL_GetTick
 .text.HAL_Delay
                0x08007640       0x48 ./Drivers/STM32L4xx_HAL_Driver/Src/stm32l4xx_hal.o
                0x08007640                HAL_Delay
 .text.__NVIC_SetPriorityGrouping
                0x08007688       0x48 ./Drivers/STM32L4xx_HAL_Driver/Src/stm32l4xx_hal_cortex.o
 .text.__NVIC_GetPriorityGrouping
                0x080076d0       0x1c ./Drivers/STM32L4xx_HAL_Driver/Src/stm32l4xx_hal_cortex.o
 .text.__NVIC_EnableIRQ
                0x080076ec       0x3c ./Drivers/STM32L4xx_HAL_Driver/Src/stm32l4xx_hal_cortex.o
 .text.__NVIC_SetPriority
                0x08007728       0x54 ./Drivers/STM32L4xx_HAL_Driver/Src/stm32l4xx_hal_cortex.o
 .text.NVIC_EncodePriority
                0x0800777c       0x66 ./Drivers/STM32L4xx_HAL_Driver/Src/stm32l4xx_hal_cortex.o
 *fill*         0x080077e2        0x2 
 .text.__NVIC_SystemReset
                0x080077e4       0x2c ./Drivers/STM32L4xx_HAL_Driver/Src/stm32l4xx_hal_cortex.o
 .text.SysTick_Config
                0x08007810       0x44 ./Drivers/STM32L4xx_HAL_Driver/Src/stm32l4xx_hal_cortex.o
 .text.HAL_NVIC_SetPriorityGrouping
                0x08007854       0x16 ./Drivers/STM32L4xx_HAL_Driver/Src/stm32l4xx_hal_cortex.o
                0x08007854                HAL_NVIC_SetPriorityGrouping
 .text.HAL_NVIC_SetPriority
                0x0800786a       0x38 ./Drivers/STM32L4xx_HAL_Driver/Src/stm32l4xx_hal_cortex.o
                0x0800786a                HAL_NVIC_SetPriority
 .text.HAL_NVIC_EnableIRQ
                0x080078a2       0x1c ./Drivers/STM32L4xx_HAL_Driver/Src/stm32l4xx_hal_cortex.o
                0x080078a2                HAL_NVIC_EnableIRQ
 .text.HAL_NVIC_SystemReset
                0x080078be        0x8 ./Drivers/STM32L4xx_HAL_Driver/Src/stm32l4xx_hal_cortex.o
                0x080078be                HAL_NVIC_SystemReset
 .text.HAL_SYSTICK_Config
                0x080078c6       0x18 ./Drivers/STM32L4xx_HAL_Driver/Src/stm32l4xx_hal_cortex.o
                0x080078c6                HAL_SYSTICK_Config
 .text.HAL_DMA_Abort_IT
                0x080078de       0x82 ./Drivers/STM32L4xx_HAL_Driver/Src/stm32l4xx_hal_dma.o
                0x080078de                HAL_DMA_Abort_IT
 .text.HAL_DMA_GetState
                0x08007960       0x1c ./Drivers/STM32L4xx_HAL_Driver/Src/stm32l4xx_hal_dma.o
                0x08007960                HAL_DMA_GetState
 .text.HAL_GPIO_Init
                0x0800797c      0x2f4 ./Drivers/STM32L4xx_HAL_Driver/Src/stm32l4xx_hal_gpio.o
                0x0800797c                HAL_GPIO_Init
 .text.HAL_GPIO_WritePin
                0x08007c70       0x30 ./Drivers/STM32L4xx_HAL_Driver/Src/stm32l4xx_hal_gpio.o
                0x08007c70                HAL_GPIO_WritePin
 .text.HAL_GPIO_EXTI_IRQHandler
                0x08007ca0       0x30 ./Drivers/STM32L4xx_HAL_Driver/Src/stm32l4xx_hal_gpio.o
                0x08007ca0                HAL_GPIO_EXTI_IRQHandler
 .text.HAL_GPIO_EXTI_Callback
                0x08007cd0       0x16 ./Drivers/STM32L4xx_HAL_Driver/Src/stm32l4xx_hal_gpio.o
                0x08007cd0                HAL_GPIO_EXTI_Callback
 .text.HAL_I2C_Init
                0x08007ce6      0x136 ./Drivers/STM32L4xx_HAL_Driver/Src/stm32l4xx_hal_i2c.o
                0x08007ce6                HAL_I2C_Init
 .text.HAL_I2C_IsDeviceReady
                0x08007e1c      0x1d8 ./Drivers/STM32L4xx_HAL_Driver/Src/stm32l4xx_hal_i2c.o
                0x08007e1c                HAL_I2C_IsDeviceReady
 .text.HAL_I2C_Slave_Seq_Transmit_IT
                0x08007ff4      0x164 ./Drivers/STM32L4xx_HAL_Driver/Src/stm32l4xx_hal_i2c.o
                0x08007ff4                HAL_I2C_Slave_Seq_Transmit_IT
 .text.HAL_I2C_Slave_Seq_Receive_IT
                0x08008158      0x164 ./Drivers/STM32L4xx_HAL_Driver/Src/stm32l4xx_hal_i2c.o
                0x08008158                HAL_I2C_Slave_Seq_Receive_IT
 .text.HAL_I2C_EnableListen_IT
                0x080082bc       0x40 ./Drivers/STM32L4xx_HAL_Driver/Src/stm32l4xx_hal_i2c.o
                0x080082bc                HAL_I2C_EnableListen_IT
 .text.HAL_I2C_EV_IRQHandler
                0x080082fc       0x34 ./Drivers/STM32L4xx_HAL_Driver/Src/stm32l4xx_hal_i2c.o
                0x080082fc                HAL_I2C_EV_IRQHandler
 .text.HAL_I2C_ER_IRQHandler
                0x08008330       0xb6 ./Drivers/STM32L4xx_HAL_Driver/Src/stm32l4xx_hal_i2c.o
                0x08008330                HAL_I2C_ER_IRQHandler
 .text.HAL_I2C_MasterTxCpltCallback
                0x080083e6       0x14 ./Drivers/STM32L4xx_HAL_Driver/Src/stm32l4xx_hal_i2c.o
                0x080083e6                HAL_I2C_MasterTxCpltCallback
 .text.HAL_I2C_MasterRxCpltCallback
                0x080083fa       0x14 ./Drivers/STM32L4xx_HAL_Driver/Src/stm32l4xx_hal_i2c.o
                0x080083fa                HAL_I2C_MasterRxCpltCallback
 .text.HAL_I2C_MemTxCpltCallback
                0x0800840e       0x14 ./Drivers/STM32L4xx_HAL_Driver/Src/stm32l4xx_hal_i2c.o
                0x0800840e                HAL_I2C_MemTxCpltCallback
 .text.HAL_I2C_MemRxCpltCallback
                0x08008422       0x14 ./Drivers/STM32L4xx_HAL_Driver/Src/stm32l4xx_hal_i2c.o
                0x08008422                HAL_I2C_MemRxCpltCallback
 .text.HAL_I2C_AbortCpltCallback
                0x08008436       0x14 ./Drivers/STM32L4xx_HAL_Driver/Src/stm32l4xx_hal_i2c.o
                0x08008436                HAL_I2C_AbortCpltCallback
 .text.HAL_I2C_GetState
                0x0800844a       0x1c ./Drivers/STM32L4xx_HAL_Driver/Src/stm32l4xx_hal_i2c.o
                0x0800844a                HAL_I2C_GetState
 .text.HAL_I2C_GetError
                0x08008466       0x18 ./Drivers/STM32L4xx_HAL_Driver/Src/stm32l4xx_hal_i2c.o
                0x08008466                HAL_I2C_GetError
 .text.I2C_Slave_ISR_IT
                0x0800847e      0x1f2 ./Drivers/STM32L4xx_HAL_Driver/Src/stm32l4xx_hal_i2c.o
 .text.I2C_Master_ISR_DMA
                0x08008670      0x1f2 ./Drivers/STM32L4xx_HAL_Driver/Src/stm32l4xx_hal_i2c.o
 *fill*         0x08008862        0x2 
 .text.I2C_Mem_ISR_DMA
                0x08008864      0x288 ./Drivers/STM32L4xx_HAL_Driver/Src/stm32l4xx_hal_i2c.o
 .text.I2C_Slave_ISR_DMA
                0x08008aec      0x1ae ./Drivers/STM32L4xx_HAL_Driver/Src/stm32l4xx_hal_i2c.o
 .text.I2C_ITAddrCplt
                0x08008c9a      0x108 ./Drivers/STM32L4xx_HAL_Driver/Src/stm32l4xx_hal_i2c.o
 .text.I2C_ITMasterSeqCplt
                0x08008da2       0x7a ./Drivers/STM32L4xx_HAL_Driver/Src/stm32l4xx_hal_i2c.o
 .text.I2C_ITSlaveSeqCplt
                0x08008e1c       0xb8 ./Drivers/STM32L4xx_HAL_Driver/Src/stm32l4xx_hal_i2c.o
 .text.I2C_ITMasterCplt
                0x08008ed4      0x190 ./Drivers/STM32L4xx_HAL_Driver/Src/stm32l4xx_hal_i2c.o
 .text.I2C_ITSlaveCplt
                0x08009064      0x2c8 ./Drivers/STM32L4xx_HAL_Driver/Src/stm32l4xx_hal_i2c.o
 .text.I2C_ITListenCplt
                0x0800932c       0xa8 ./Drivers/STM32L4xx_HAL_Driver/Src/stm32l4xx_hal_i2c.o
 .text.I2C_ITError
                0x080093d4      0x1e0 ./Drivers/STM32L4xx_HAL_Driver/Src/stm32l4xx_hal_i2c.o
 .text.I2C_TreatErrorCallback
                0x080095b4       0x4e ./Drivers/STM32L4xx_HAL_Driver/Src/stm32l4xx_hal_i2c.o
 .text.I2C_Flush_TXDR
                0x08009602       0x48 ./Drivers/STM32L4xx_HAL_Driver/Src/stm32l4xx_hal_i2c.o
 .text.I2C_DMAAbort
                0x0800964a       0x3c ./Drivers/STM32L4xx_HAL_Driver/Src/stm32l4xx_hal_i2c.o
 .text.I2C_WaitOnFlagUntilTimeout
                0x08009686       0xb2 ./Drivers/STM32L4xx_HAL_Driver/Src/stm32l4xx_hal_i2c.o
 .text.I2C_IsErrorOccurred
                0x08009738      0x1c0 ./Drivers/STM32L4xx_HAL_Driver/Src/stm32l4xx_hal_i2c.o
 .text.I2C_TransferConfig
                0x080098f8       0x64 ./Drivers/STM32L4xx_HAL_Driver/Src/stm32l4xx_hal_i2c.o
 .text.I2C_Enable_IRQ
                0x0800995c      0x108 ./Drivers/STM32L4xx_HAL_Driver/Src/stm32l4xx_hal_i2c.o
 .text.I2C_Disable_IRQ
                0x08009a64       0xbc ./Drivers/STM32L4xx_HAL_Driver/Src/stm32l4xx_hal_i2c.o
 .text.HAL_I2CEx_ConfigAnalogFilter
                0x08009b20       0x96 ./Drivers/STM32L4xx_HAL_Driver/Src/stm32l4xx_hal_i2c_ex.o
                0x08009b20                HAL_I2CEx_ConfigAnalogFilter
 .text.HAL_I2CEx_ConfigDigitalFilter
                0x08009bb6       0x98 ./Drivers/STM32L4xx_HAL_Driver/Src/stm32l4xx_hal_i2c_ex.o
                0x08009bb6                HAL_I2CEx_ConfigDigitalFilter
 *fill*         0x08009c4e        0x2 
 .text.HAL_PWR_EnableBkUpAccess
                0x08009c50       0x20 ./Drivers/STM32L4xx_HAL_Driver/Src/stm32l4xx_hal_pwr.o
                0x08009c50                HAL_PWR_EnableBkUpAccess
 .text.HAL_PWREx_GetVoltageRange
                0x08009c70       0x1c ./Drivers/STM32L4xx_HAL_Driver/Src/stm32l4xx_hal_pwr_ex.o
                0x08009c70                HAL_PWREx_GetVoltageRange
 .text.HAL_PWREx_ControlVoltageScaling
                0x08009c8c       0xac ./Drivers/STM32L4xx_HAL_Driver/Src/stm32l4xx_hal_pwr_ex.o
                0x08009c8c                HAL_PWREx_ControlVoltageScaling
 .text.HAL_RCC_OscConfig
                0x08009d38      0x828 ./Drivers/STM32L4xx_HAL_Driver/Src/stm32l4xx_hal_rcc.o
                0x08009d38                HAL_RCC_OscConfig
 .text.HAL_RCC_ClockConfig
                0x0800a560      0x200 ./Drivers/STM32L4xx_HAL_Driver/Src/stm32l4xx_hal_rcc.o
                0x0800a560                HAL_RCC_ClockConfig
 .text.HAL_RCC_GetSysClockFreq
                0x0800a760      0x118 ./Drivers/STM32L4xx_HAL_Driver/Src/stm32l4xx_hal_rcc.o
                0x0800a760                HAL_RCC_GetSysClockFreq
 .text.HAL_RCC_GetHCLKFreq
                0x0800a878       0x18 ./Drivers/STM32L4xx_HAL_Driver/Src/stm32l4xx_hal_rcc.o
                0x0800a878                HAL_RCC_GetHCLKFreq
 .text.HAL_RCC_GetPCLK1Freq
                0x0800a890       0x2c ./Drivers/STM32L4xx_HAL_Driver/Src/stm32l4xx_hal_rcc.o
                0x0800a890                HAL_RCC_GetPCLK1Freq
 .text.HAL_RCC_GetPCLK2Freq
                0x0800a8bc       0x2c ./Drivers/STM32L4xx_HAL_Driver/Src/stm32l4xx_hal_rcc.o
                0x0800a8bc                HAL_RCC_GetPCLK2Freq
 .text.RCC_SetFlashLatencyFromMSIRange
                0x0800a8e8       0xc0 ./Drivers/STM32L4xx_HAL_Driver/Src/stm32l4xx_hal_rcc.o
 .text.HAL_RCCEx_PeriphCLKConfig
                0x0800a9a8      0x478 ./Drivers/STM32L4xx_HAL_Driver/Src/stm32l4xx_hal_rcc_ex.o
                0x0800a9a8                HAL_RCCEx_PeriphCLKConfig
 .text.RCCEx_PLLSAI1_Config
                0x0800ae20      0x1e4 ./Drivers/STM32L4xx_HAL_Driver/Src/stm32l4xx_hal_rcc_ex.o
 .text.HAL_RTC_Init
                0x0800b004      0x110 ./Drivers/STM32L4xx_HAL_Driver/Src/stm32l4xx_hal_rtc.o
                0x0800b004                HAL_RTC_Init
 .text.HAL_RTC_WaitForSynchro
                0x0800b114       0x48 ./Drivers/STM32L4xx_HAL_Driver/Src/stm32l4xx_hal_rtc.o
                0x0800b114                HAL_RTC_WaitForSynchro
 .text.RTC_EnterInitMode
                0x0800b15c       0x66 ./Drivers/STM32L4xx_HAL_Driver/Src/stm32l4xx_hal_rtc.o
                0x0800b15c                RTC_EnterInitMode
 *fill*         0x0800b1c2        0x2 
 .text.RTC_ExitInitMode
                0x0800b1c4       0x7c ./Drivers/STM32L4xx_HAL_Driver/Src/stm32l4xx_hal_rtc.o
                0x0800b1c4                RTC_ExitInitMode
 .text.HAL_SPI_Init
                0x0800b240      0x146 ./Drivers/STM32L4xx_HAL_Driver/Src/stm32l4xx_hal_spi.o
                0x0800b240                HAL_SPI_Init
 .text.HAL_SPI_Transmit
                0x0800b386      0x2ec ./Drivers/STM32L4xx_HAL_Driver/Src/stm32l4xx_hal_spi.o
                0x0800b386                HAL_SPI_Transmit
 .text.HAL_SPI_TransmitReceive
                0x0800b672      0x43e ./Drivers/STM32L4xx_HAL_Driver/Src/stm32l4xx_hal_spi.o
                0x0800b672                HAL_SPI_TransmitReceive
 .text.HAL_SPI_TransmitReceive_IT
                0x0800bab0      0x154 ./Drivers/STM32L4xx_HAL_Driver/Src/stm32l4xx_hal_spi.o
                0x0800bab0                HAL_SPI_TransmitReceive_IT
 .text.HAL_SPI_IRQHandler
                0x0800bc04      0x1e8 ./Drivers/STM32L4xx_HAL_Driver/Src/stm32l4xx_hal_spi.o
                0x0800bc04                HAL_SPI_IRQHandler
 .text.HAL_SPI_RxCpltCallback
                0x0800bdec       0x14 ./Drivers/STM32L4xx_HAL_Driver/Src/stm32l4xx_hal_spi.o
                0x0800bdec                HAL_SPI_RxCpltCallback
 .text.HAL_SPI_ErrorCallback
                0x0800be00       0x14 ./Drivers/STM32L4xx_HAL_Driver/Src/stm32l4xx_hal_spi.o
                0x0800be00                HAL_SPI_ErrorCallback
 .text.SPI_DMAAbortOnError
                0x0800be14       0x2a ./Drivers/STM32L4xx_HAL_Driver/Src/stm32l4xx_hal_spi.o
 .text.SPI_2linesRxISR_8BIT
                0x0800be3e       0xbe ./Drivers/STM32L4xx_HAL_Driver/Src/stm32l4xx_hal_spi.o
 .text.SPI_2linesTxISR_8BIT
                0x0800befc       0x92 ./Drivers/STM32L4xx_HAL_Driver/Src/stm32l4xx_hal_spi.o
 .text.SPI_2linesRxISR_16BIT
                0x0800bf8e       0x66 ./Drivers/STM32L4xx_HAL_Driver/Src/stm32l4xx_hal_spi.o
 .text.SPI_2linesTxISR_16BIT
                0x0800bff4       0x60 ./Drivers/STM32L4xx_HAL_Driver/Src/stm32l4xx_hal_spi.o
 .text.SPI_WaitFlagStateUntilTimeout
                0x0800c054      0x110 ./Drivers/STM32L4xx_HAL_Driver/Src/stm32l4xx_hal_spi.o
 .text.SPI_WaitFifoStateUntilTimeout
                0x0800c164      0x12c ./Drivers/STM32L4xx_HAL_Driver/Src/stm32l4xx_hal_spi.o
 .text.SPI_EndRxTxTransaction
                0x0800c290       0x8c ./Drivers/STM32L4xx_HAL_Driver/Src/stm32l4xx_hal_spi.o
 .text.SPI_CloseRxTx_ISR
                0x0800c31c       0x84 ./Drivers/STM32L4xx_HAL_Driver/Src/stm32l4xx_hal_spi.o
 .text.HAL_TIM_Base_Init
                0x0800c3a0       0xae ./Drivers/STM32L4xx_HAL_Driver/Src/stm32l4xx_hal_tim.o
                0x0800c3a0                HAL_TIM_Base_Init
 *fill*         0x0800c44e        0x2 
 .text.HAL_TIM_Base_Start_IT
                0x0800c450       0xb8 ./Drivers/STM32L4xx_HAL_Driver/Src/stm32l4xx_hal_tim.o
                0x0800c450                HAL_TIM_Base_Start_IT
 .text.HAL_TIM_IRQHandler
                0x0800c508      0x20e ./Drivers/STM32L4xx_HAL_Driver/Src/stm32l4xx_hal_tim.o
                0x0800c508                HAL_TIM_IRQHandler
 .text.HAL_TIM_ConfigClockSource
                0x0800c716      0x192 ./Drivers/STM32L4xx_HAL_Driver/Src/stm32l4xx_hal_tim.o
                0x0800c716                HAL_TIM_ConfigClockSource
 .text.HAL_TIM_OC_DelayElapsedCallback
                0x0800c8a8       0x14 ./Drivers/STM32L4xx_HAL_Driver/Src/stm32l4xx_hal_tim.o
                0x0800c8a8                HAL_TIM_OC_DelayElapsedCallback
 .text.HAL_TIM_IC_CaptureCallback
                0x0800c8bc       0x14 ./Drivers/STM32L4xx_HAL_Driver/Src/stm32l4xx_hal_tim.o
                0x0800c8bc                HAL_TIM_IC_CaptureCallback
 .text.HAL_TIM_PWM_PulseFinishedCallback
                0x0800c8d0       0x14 ./Drivers/STM32L4xx_HAL_Driver/Src/stm32l4xx_hal_tim.o
                0x0800c8d0                HAL_TIM_PWM_PulseFinishedCallback
 .text.HAL_TIM_TriggerCallback
                0x0800c8e4       0x14 ./Drivers/STM32L4xx_HAL_Driver/Src/stm32l4xx_hal_tim.o
                0x0800c8e4                HAL_TIM_TriggerCallback
 .text.TIM_Base_SetConfig
                0x0800c8f8       0xf4 ./Drivers/STM32L4xx_HAL_Driver/Src/stm32l4xx_hal_tim.o
                0x0800c8f8                TIM_Base_SetConfig
 .text.TIM_TI1_ConfigInputStage
                0x0800c9ec       0x5e ./Drivers/STM32L4xx_HAL_Driver/Src/stm32l4xx_hal_tim.o
 .text.TIM_TI2_ConfigInputStage
                0x0800ca4a       0x60 ./Drivers/STM32L4xx_HAL_Driver/Src/stm32l4xx_hal_tim.o
 .text.TIM_ITRx_SetConfig
                0x0800caaa       0x36 ./Drivers/STM32L4xx_HAL_Driver/Src/stm32l4xx_hal_tim.o
 .text.TIM_ETR_SetConfig
                0x0800cae0       0x40 ./Drivers/STM32L4xx_HAL_Driver/Src/stm32l4xx_hal_tim.o
                0x0800cae0                TIM_ETR_SetConfig
 .text.HAL_TIMEx_MasterConfigSynchronization
                0x0800cb20       0xdc ./Drivers/STM32L4xx_HAL_Driver/Src/stm32l4xx_hal_tim_ex.o
                0x0800cb20                HAL_TIMEx_MasterConfigSynchronization
 .text.HAL_TIMEx_CommutCallback
                0x0800cbfc       0x14 ./Drivers/STM32L4xx_HAL_Driver/Src/stm32l4xx_hal_tim_ex.o
                0x0800cbfc                HAL_TIMEx_CommutCallback
 .text.HAL_TIMEx_BreakCallback
                0x0800cc10       0x14 ./Drivers/STM32L4xx_HAL_Driver/Src/stm32l4xx_hal_tim_ex.o
                0x0800cc10                HAL_TIMEx_BreakCallback
 .text.HAL_TIMEx_Break2Callback
                0x0800cc24       0x14 ./Drivers/STM32L4xx_HAL_Driver/Src/stm32l4xx_hal_tim_ex.o
                0x0800cc24                HAL_TIMEx_Break2Callback
 .text.HAL_UART_Init
                0x0800cc38       0x9c ./Drivers/STM32L4xx_HAL_Driver/Src/stm32l4xx_hal_uart.o
                0x0800cc38                HAL_UART_Init
 .text.HAL_UART_Transmit
                0x0800ccd4      0x112 ./Drivers/STM32L4xx_HAL_Driver/Src/stm32l4xx_hal_uart.o
                0x0800ccd4                HAL_UART_Transmit
 .text.HAL_UART_Receive
                0x0800cde6      0x192 ./Drivers/STM32L4xx_HAL_Driver/Src/stm32l4xx_hal_uart.o
                0x0800cde6                HAL_UART_Receive
 .text.UART_SetConfig
                0x0800cf78      0x50c ./Drivers/STM32L4xx_HAL_Driver/Src/stm32l4xx_hal_uart.o
                0x0800cf78                UART_SetConfig
 .text.UART_AdvFeatureConfig
                0x0800d484      0x144 ./Drivers/STM32L4xx_HAL_Driver/Src/stm32l4xx_hal_uart.o
                0x0800d484                UART_AdvFeatureConfig
 .text.UART_CheckIdleState
                0x0800d5c8      0x150 ./Drivers/STM32L4xx_HAL_Driver/Src/stm32l4xx_hal_uart.o
                0x0800d5c8                UART_CheckIdleState
 .text.UART_WaitOnFlagUntilTimeout
                0x0800d718       0xda ./Drivers/STM32L4xx_HAL_Driver/Src/stm32l4xx_hal_uart.o
                0x0800d718                UART_WaitOnFlagUntilTimeout
 .text.UART_EndRxTransfer
                0x0800d7f2       0xc8 ./Drivers/STM32L4xx_HAL_Driver/Src/stm32l4xx_hal_uart.o
 .text.__cvt    0x0800d8ba       0xca /opt/st/stm32cubeide_1.17.0/plugins/com.st.stm32cube.ide.mcu.externaltools.gnu-tools-for-stm32.12.3.rel1.linux64_1.1.0.202410170702/tools/bin/../lib/gcc/arm-none-eabi/12.3.1/../../../../arm-none-eabi/lib/thumb/v7e-m+fp/hard/libc_nano.a(libc_a-nano-vfprintf_float.o)
                0x0800d8ba                __cvt
 .text.__exponent
                0x0800d984       0x74 /opt/st/stm32cubeide_1.17.0/plugins/com.st.stm32cube.ide.mcu.externaltools.gnu-tools-for-stm32.12.3.rel1.linux64_1.1.0.202410170702/tools/bin/../lib/gcc/arm-none-eabi/12.3.1/../../../../arm-none-eabi/lib/thumb/v7e-m+fp/hard/libc_nano.a(libc_a-nano-vfprintf_float.o)
                0x0800d984                __exponent
 .text._printf_float
                0x0800d9f8      0x454 /opt/st/stm32cubeide_1.17.0/plugins/com.st.stm32cube.ide.mcu.externaltools.gnu-tools-for-stm32.12.3.rel1.linux64_1.1.0.202410170702/tools/bin/../lib/gcc/arm-none-eabi/12.3.1/../../../../arm-none-eabi/lib/thumb/v7e-m+fp/hard/libc_nano.a(libc_a-nano-vfprintf_float.o)
                0x0800d9f8                _printf_float
 .text._printf_common
                0x0800de4c       0xda /opt/st/stm32cubeide_1.17.0/plugins/com.st.stm32cube.ide.mcu.externaltools.gnu-tools-for-stm32.12.3.rel1.linux64_1.1.0.202410170702/tools/bin/../lib/gcc/arm-none-eabi/12.3.1/../../../../arm-none-eabi/lib/thumb/v7e-m+fp/hard/libc_nano.a(libc_a-nano-vfprintf_i.o)
                0x0800de4c                _printf_common
 *fill*         0x0800df26        0x2 
 .text._printf_i
                0x0800df28      0x240 /opt/st/stm32cubeide_1.17.0/plugins/com.st.stm32cube.ide.mcu.externaltools.gnu-tools-for-stm32.12.3.rel1.linux64_1.1.0.202410170702/tools/bin/../lib/gcc/arm-none-eabi/12.3.1/../../../../arm-none-eabi/lib/thumb/v7e-m+fp/hard/libc_nano.a(libc_a-nano-vfprintf_i.o)
                0x0800df28                _printf_i
 .text.std      0x0800e168       0x6c /opt/st/stm32cubeide_1.17.0/plugins/com.st.stm32cube.ide.mcu.externaltools.gnu-tools-for-stm32.12.3.rel1.linux64_1.1.0.202410170702/tools/bin/../lib/gcc/arm-none-eabi/12.3.1/../../../../arm-none-eabi/lib/thumb/v7e-m+fp/hard/libc_nano.a(libc_a-findfp.o)
 .text.stdio_exit_handler
                0x0800e1d4       0x18 /opt/st/stm32cubeide_1.17.0/plugins/com.st.stm32cube.ide.mcu.externaltools.gnu-tools-for-stm32.12.3.rel1.linux64_1.1.0.202410170702/tools/bin/../lib/gcc/arm-none-eabi/12.3.1/../../../../arm-none-eabi/lib/thumb/v7e-m+fp/hard/libc_nano.a(libc_a-findfp.o)
 .text.cleanup_stdio
                0x0800e1ec       0x40 /opt/st/stm32cubeide_1.17.0/plugins/com.st.stm32cube.ide.mcu.externaltools.gnu-tools-for-stm32.12.3.rel1.linux64_1.1.0.202410170702/tools/bin/../lib/gcc/arm-none-eabi/12.3.1/../../../../arm-none-eabi/lib/thumb/v7e-m+fp/hard/libc_nano.a(libc_a-findfp.o)
 .text.global_stdio_init.part.0
                0x0800e22c       0x3c /opt/st/stm32cubeide_1.17.0/plugins/com.st.stm32cube.ide.mcu.externaltools.gnu-tools-for-stm32.12.3.rel1.linux64_1.1.0.202410170702/tools/bin/../lib/gcc/arm-none-eabi/12.3.1/../../../../arm-none-eabi/lib/thumb/v7e-m+fp/hard/libc_nano.a(libc_a-findfp.o)
 .text.__sfp_lock_acquire
                0x0800e268        0xc /opt/st/stm32cubeide_1.17.0/plugins/com.st.stm32cube.ide.mcu.externaltools.gnu-tools-for-stm32.12.3.rel1.linux64_1.1.0.202410170702/tools/bin/../lib/gcc/arm-none-eabi/12.3.1/../../../../arm-none-eabi/lib/thumb/v7e-m+fp/hard/libc_nano.a(libc_a-findfp.o)
                0x0800e268                __sfp_lock_acquire
 .text.__sfp_lock_release
                0x0800e274        0xc /opt/st/stm32cubeide_1.17.0/plugins/com.st.stm32cube.ide.mcu.externaltools.gnu-tools-for-stm32.12.3.rel1.linux64_1.1.0.202410170702/tools/bin/../lib/gcc/arm-none-eabi/12.3.1/../../../../arm-none-eabi/lib/thumb/v7e-m+fp/hard/libc_nano.a(libc_a-findfp.o)
                0x0800e274                __sfp_lock_release
 .text.__sinit  0x0800e280       0x30 /opt/st/stm32cubeide_1.17.0/plugins/com.st.stm32cube.ide.mcu.externaltools.gnu-tools-for-stm32.12.3.rel1.linux64_1.1.0.202410170702/tools/bin/../lib/gcc/arm-none-eabi/12.3.1/../../../../arm-none-eabi/lib/thumb/v7e-m+fp/hard/libc_nano.a(libc_a-findfp.o)
                0x0800e280                __sinit
 .text._fwalk_sglue
                0x0800e2b0       0x3c /opt/st/stm32cubeide_1.17.0/plugins/com.st.stm32cube.ide.mcu.externaltools.gnu-tools-for-stm32.12.3.rel1.linux64_1.1.0.202410170702/tools/bin/../lib/gcc/arm-none-eabi/12.3.1/../../../../arm-none-eabi/lib/thumb/v7e-m+fp/hard/libc_nano.a(libc_a-fwalk.o)
                0x0800e2b0                _fwalk_sglue
 .text.printf   0x0800e2ec       0x24 /opt/st/stm32cubeide_1.17.0/plugins/com.st.stm32cube.ide.mcu.externaltools.gnu-tools-for-stm32.12.3.rel1.linux64_1.1.0.202410170702/tools/bin/../lib/gcc/arm-none-eabi/12.3.1/../../../../arm-none-eabi/lib/thumb/v7e-m+fp/hard/libc_nano.a(libc_a-printf.o)
                0x0800e2ec                printf
                0x0800e2ec                iprintf
 .text._puts_r  0x0800e310       0xaa /opt/st/stm32cubeide_1.17.0/plugins/com.st.stm32cube.ide.mcu.externaltools.gnu-tools-for-stm32.12.3.rel1.linux64_1.1.0.202410170702/tools/bin/../lib/gcc/arm-none-eabi/12.3.1/../../../../arm-none-eabi/lib/thumb/v7e-m+fp/hard/libc_nano.a(libc_a-puts.o)
                0x0800e310                _puts_r
 *fill*         0x0800e3ba        0x2 
 .text.puts     0x0800e3bc       0x10 /opt/st/stm32cubeide_1.17.0/plugins/com.st.stm32cube.ide.mcu.externaltools.gnu-tools-for-stm32.12.3.rel1.linux64_1.1.0.202410170702/tools/bin/../lib/gcc/arm-none-eabi/12.3.1/../../../../arm-none-eabi/lib/thumb/v7e-m+fp/hard/libc_nano.a(libc_a-puts.o)
                0x0800e3bc                puts
 .text.snprintf
                0x0800e3cc       0x68 /opt/st/stm32cubeide_1.17.0/plugins/com.st.stm32cube.ide.mcu.externaltools.gnu-tools-for-stm32.12.3.rel1.linux64_1.1.0.202410170702/tools/bin/../lib/gcc/arm-none-eabi/12.3.1/../../../../arm-none-eabi/lib/thumb/v7e-m+fp/hard/libc_nano.a(libc_a-snprintf.o)
                0x0800e3cc                snprintf
                0x0800e3cc                sniprintf
 .text.sprintf  0x0800e434       0x40 /opt/st/stm32cubeide_1.17.0/plugins/com.st.stm32cube.ide.mcu.externaltools.gnu-tools-for-stm32.12.3.rel1.linux64_1.1.0.202410170702/tools/bin/../lib/gcc/arm-none-eabi/12.3.1/../../../../arm-none-eabi/lib/thumb/v7e-m+fp/hard/libc_nano.a(libc_a-sprintf.o)
                0x0800e434                sprintf
                0x0800e434                siprintf
 .text.__sread  0x0800e474       0x22 /opt/st/stm32cubeide_1.17.0/plugins/com.st.stm32cube.ide.mcu.externaltools.gnu-tools-for-stm32.12.3.rel1.linux64_1.1.0.202410170702/tools/bin/../lib/gcc/arm-none-eabi/12.3.1/../../../../arm-none-eabi/lib/thumb/v7e-m+fp/hard/libc_nano.a(libc_a-stdio.o)
                0x0800e474                __sread
 .text.__swrite
                0x0800e496       0x38 /opt/st/stm32cubeide_1.17.0/plugins/com.st.stm32cube.ide.mcu.externaltools.gnu-tools-for-stm32.12.3.rel1.linux64_1.1.0.202410170702/tools/bin/../lib/gcc/arm-none-eabi/12.3.1/../../../../arm-none-eabi/lib/thumb/v7e-m+fp/hard/libc_nano.a(libc_a-stdio.o)
                0x0800e496                __swrite
 .text.__sseek  0x0800e4ce       0x24 /opt/st/stm32cubeide_1.17.0/plugins/com.st.stm32cube.ide.mcu.externaltools.gnu-tools-for-stm32.12.3.rel1.linux64_1.1.0.202410170702/tools/bin/../lib/gcc/arm-none-eabi/12.3.1/../../../../arm-none-eabi/lib/thumb/v7e-m+fp/hard/libc_nano.a(libc_a-stdio.o)
                0x0800e4ce                __sseek
 .text.__sclose
                0x0800e4f2        0x8 /opt/st/stm32cubeide_1.17.0/plugins/com.st.stm32cube.ide.mcu.externaltools.gnu-tools-for-stm32.12.3.rel1.linux64_1.1.0.202410170702/tools/bin/../lib/gcc/arm-none-eabi/12.3.1/../../../../arm-none-eabi/lib/thumb/v7e-m+fp/hard/libc_nano.a(libc_a-stdio.o)
                0x0800e4f2                __sclose
 .text.__swbuf_r
                0x0800e4fa       0x7c /opt/st/stm32cubeide_1.17.0/plugins/com.st.stm32cube.ide.mcu.externaltools.gnu-tools-for-stm32.12.3.rel1.linux64_1.1.0.202410170702/tools/bin/../lib/gcc/arm-none-eabi/12.3.1/../../../../arm-none-eabi/lib/thumb/v7e-m+fp/hard/libc_nano.a(libc_a-wbuf.o)
                0x0800e4fa                __swbuf_r
 *fill*         0x0800e576        0x2 
 .text.__swsetup_r
                0x0800e578       0xac /opt/st/stm32cubeide_1.17.0/plugins/com.st.stm32cube.ide.mcu.externaltools.gnu-tools-for-stm32.12.3.rel1.linux64_1.1.0.202410170702/tools/bin/../lib/gcc/arm-none-eabi/12.3.1/../../../../arm-none-eabi/lib/thumb/v7e-m+fp/hard/libc_nano.a(libc_a-wsetup.o)
                0x0800e578                __swsetup_r
 .text.memcmp   0x0800e624       0x20 /opt/st/stm32cubeide_1.17.0/plugins/com.st.stm32cube.ide.mcu.externaltools.gnu-tools-for-stm32.12.3.rel1.linux64_1.1.0.202410170702/tools/bin/../lib/gcc/arm-none-eabi/12.3.1/../../../../arm-none-eabi/lib/thumb/v7e-m+fp/hard/libc_nano.a(libc_a-memcmp.o)
                0x0800e624                memcmp
 .text.memset   0x0800e644       0x10 /opt/st/stm32cubeide_1.17.0/plugins/com.st.stm32cube.ide.mcu.externaltools.gnu-tools-for-stm32.12.3.rel1.linux64_1.1.0.202410170702/tools/bin/../lib/gcc/arm-none-eabi/12.3.1/../../../../arm-none-eabi/lib/thumb/v7e-m+fp/hard/libc_nano.a(libc_a-memset.o)
                0x0800e644                memset
 .text.strncat  0x0800e654       0x26 /opt/st/stm32cubeide_1.17.0/plugins/com.st.stm32cube.ide.mcu.externaltools.gnu-tools-for-stm32.12.3.rel1.linux64_1.1.0.202410170702/tools/bin/../lib/gcc/arm-none-eabi/12.3.1/../../../../arm-none-eabi/lib/thumb/v7e-m+fp/hard/libc_nano.a(libc_a-strncat.o)
                0x0800e654                strncat
 *fill*         0x0800e67a        0x2 
 .text._localeconv_r
                0x0800e67c        0x8 /opt/st/stm32cubeide_1.17.0/plugins/com.st.stm32cube.ide.mcu.externaltools.gnu-tools-for-stm32.12.3.rel1.linux64_1.1.0.202410170702/tools/bin/../lib/gcc/arm-none-eabi/12.3.1/../../../../arm-none-eabi/lib/thumb/v7e-m+fp/hard/libc_nano.a(libc_a-localeconv.o)
                0x0800e67c                _localeconv_r
 .text._close_r
                0x0800e684       0x20 /opt/st/stm32cubeide_1.17.0/plugins/com.st.stm32cube.ide.mcu.externaltools.gnu-tools-for-stm32.12.3.rel1.linux64_1.1.0.202410170702/tools/bin/../lib/gcc/arm-none-eabi/12.3.1/../../../../arm-none-eabi/lib/thumb/v7e-m+fp/hard/libc_nano.a(libc_a-closer.o)
                0x0800e684                _close_r
 .text._lseek_r
                0x0800e6a4       0x24 /opt/st/stm32cubeide_1.17.0/plugins/com.st.stm32cube.ide.mcu.externaltools.gnu-tools-for-stm32.12.3.rel1.linux64_1.1.0.202410170702/tools/bin/../lib/gcc/arm-none-eabi/12.3.1/../../../../arm-none-eabi/lib/thumb/v7e-m+fp/hard/libc_nano.a(libc_a-lseekr.o)
                0x0800e6a4                _lseek_r
 .text._read_r  0x0800e6c8       0x24 /opt/st/stm32cubeide_1.17.0/plugins/com.st.stm32cube.ide.mcu.externaltools.gnu-tools-for-stm32.12.3.rel1.linux64_1.1.0.202410170702/tools/bin/../lib/gcc/arm-none-eabi/12.3.1/../../../../arm-none-eabi/lib/thumb/v7e-m+fp/hard/libc_nano.a(libc_a-readr.o)
                0x0800e6c8                _read_r
 .text._write_r
                0x0800e6ec       0x24 /opt/st/stm32cubeide_1.17.0/plugins/com.st.stm32cube.ide.mcu.externaltools.gnu-tools-for-stm32.12.3.rel1.linux64_1.1.0.202410170702/tools/bin/../lib/gcc/arm-none-eabi/12.3.1/../../../../arm-none-eabi/lib/thumb/v7e-m+fp/hard/libc_nano.a(libc_a-writer.o)
                0x0800e6ec                _write_r
 .text.__errno  0x0800e710        0xc /opt/st/stm32cubeide_1.17.0/plugins/com.st.stm32cube.ide.mcu.externaltools.gnu-tools-for-stm32.12.3.rel1.linux64_1.1.0.202410170702/tools/bin/../lib/gcc/arm-none-eabi/12.3.1/../../../../arm-none-eabi/lib/thumb/v7e-m+fp/hard/libc_nano.a(libc_a-errno.o)
                0x0800e710                __errno
 .text.__libc_init_array
                0x0800e71c       0x48 /opt/st/stm32cubeide_1.17.0/plugins/com.st.stm32cube.ide.mcu.externaltools.gnu-tools-for-stm32.12.3.rel1.linux64_1.1.0.202410170702/tools/bin/../lib/gcc/arm-none-eabi/12.3.1/../../../../arm-none-eabi/lib/thumb/v7e-m+fp/hard/libc_nano.a(libc_a-init.o)
                0x0800e71c                __libc_init_array
 .text.__retarget_lock_init_recursive
                0x0800e764        0x2 /opt/st/stm32cubeide_1.17.0/plugins/com.st.stm32cube.ide.mcu.externaltools.gnu-tools-for-stm32.12.3.rel1.linux64_1.1.0.202410170702/tools/bin/../lib/gcc/arm-none-eabi/12.3.1/../../../../arm-none-eabi/lib/thumb/v7e-m+fp/hard/libc_nano.a(libc_a-lock.o)
                0x0800e764                __retarget_lock_init_recursive
 .text.__retarget_lock_acquire_recursive
                0x0800e766        0x2 /opt/st/stm32cubeide_1.17.0/plugins/com.st.stm32cube.ide.mcu.externaltools.gnu-tools-for-stm32.12.3.rel1.linux64_1.1.0.202410170702/tools/bin/../lib/gcc/arm-none-eabi/12.3.1/../../../../arm-none-eabi/lib/thumb/v7e-m+fp/hard/libc_nano.a(libc_a-lock.o)
                0x0800e766                __retarget_lock_acquire_recursive
 .text.__retarget_lock_release_recursive
                0x0800e768        0x2 /opt/st/stm32cubeide_1.17.0/plugins/com.st.stm32cube.ide.mcu.externaltools.gnu-tools-for-stm32.12.3.rel1.linux64_1.1.0.202410170702/tools/bin/../lib/gcc/arm-none-eabi/12.3.1/../../../../arm-none-eabi/lib/thumb/v7e-m+fp/hard/libc_nano.a(libc_a-lock.o)
                0x0800e768                __retarget_lock_release_recursive
 .text.memcpy   0x0800e76a       0x1c /opt/st/stm32cubeide_1.17.0/plugins/com.st.stm32cube.ide.mcu.externaltools.gnu-tools-for-stm32.12.3.rel1.linux64_1.1.0.202410170702/tools/bin/../lib/gcc/arm-none-eabi/12.3.1/../../../../arm-none-eabi/lib/thumb/v7e-m+fp/hard/libc_nano.a(libc_a-memcpy-stub.o)
                0x0800e76a                memcpy
 .text.quorem   0x0800e786      0x110 /opt/st/stm32cubeide_1.17.0/plugins/com.st.stm32cube.ide.mcu.externaltools.gnu-tools-for-stm32.12.3.rel1.linux64_1.1.0.202410170702/tools/bin/../lib/gcc/arm-none-eabi/12.3.1/../../../../arm-none-eabi/lib/thumb/v7e-m+fp/hard/libc_nano.a(libc_a-dtoa.o)
 *fill*         0x0800e896        0x2 
 .text._dtoa_r  0x0800e898      0xb88 /opt/st/stm32cubeide_1.17.0/plugins/com.st.stm32cube.ide.mcu.externaltools.gnu-tools-for-stm32.12.3.rel1.linux64_1.1.0.202410170702/tools/bin/../lib/gcc/arm-none-eabi/12.3.1/../../../../arm-none-eabi/lib/thumb/v7e-m+fp/hard/libc_nano.a(libc_a-dtoa.o)
                0x0800e898                _dtoa_r
 .text._free_r  0x0800f420       0x94 /opt/st/stm32cubeide_1.17.0/plugins/com.st.stm32cube.ide.mcu.externaltools.gnu-tools-for-stm32.12.3.rel1.linux64_1.1.0.202410170702/tools/bin/../lib/gcc/arm-none-eabi/12.3.1/../../../../arm-none-eabi/lib/thumb/v7e-m+fp/hard/libc_nano.a(libc_a-freer.o)
                0x0800f420                _free_r
 .text.malloc   0x0800f4b4       0x10 /opt/st/stm32cubeide_1.17.0/plugins/com.st.stm32cube.ide.mcu.externaltools.gnu-tools-for-stm32.12.3.rel1.linux64_1.1.0.202410170702/tools/bin/../lib/gcc/arm-none-eabi/12.3.1/../../../../arm-none-eabi/lib/thumb/v7e-m+fp/hard/libc_nano.a(libc_a-malloc.o)
                0x0800f4b4                malloc
 .text.sbrk_aligned
                0x0800f4c4       0x44 /opt/st/stm32cubeide_1.17.0/plugins/com.st.stm32cube.ide.mcu.externaltools.gnu-tools-for-stm32.12.3.rel1.linux64_1.1.0.202410170702/tools/bin/../lib/gcc/arm-none-eabi/12.3.1/../../../../arm-none-eabi/lib/thumb/v7e-m+fp/hard/libc_nano.a(libc_a-mallocr.o)
 .text._malloc_r
                0x0800f508      0x100 /opt/st/stm32cubeide_1.17.0/plugins/com.st.stm32cube.ide.mcu.externaltools.gnu-tools-for-stm32.12.3.rel1.linux64_1.1.0.202410170702/tools/bin/../lib/gcc/arm-none-eabi/12.3.1/../../../../arm-none-eabi/lib/thumb/v7e-m+fp/hard/libc_nano.a(libc_a-mallocr.o)
                0x0800f508                _malloc_r
 .text.__malloc_lock
                0x0800f608        0xc /opt/st/stm32cubeide_1.17.0/plugins/com.st.stm32cube.ide.mcu.externaltools.gnu-tools-for-stm32.12.3.rel1.linux64_1.1.0.202410170702/tools/bin/../lib/gcc/arm-none-eabi/12.3.1/../../../../arm-none-eabi/lib/thumb/v7e-m+fp/hard/libc_nano.a(libc_a-mlock.o)
                0x0800f608                __malloc_lock
 .text.__malloc_unlock
                0x0800f614        0xc /opt/st/stm32cubeide_1.17.0/plugins/com.st.stm32cube.ide.mcu.externaltools.gnu-tools-for-stm32.12.3.rel1.linux64_1.1.0.202410170702/tools/bin/../lib/gcc/arm-none-eabi/12.3.1/../../../../arm-none-eabi/lib/thumb/v7e-m+fp/hard/libc_nano.a(libc_a-mlock.o)
                0x0800f614                __malloc_unlock
 .text._Balloc  0x0800f620       0x80 /opt/st/stm32cubeide_1.17.0/plugins/com.st.stm32cube.ide.mcu.externaltools.gnu-tools-for-stm32.12.3.rel1.linux64_1.1.0.202410170702/tools/bin/../lib/gcc/arm-none-eabi/12.3.1/../../../../arm-none-eabi/lib/thumb/v7e-m+fp/hard/libc_nano.a(libc_a-mprec.o)
                0x0800f620                _Balloc
 .text._Bfree   0x0800f6a0       0x44 /opt/st/stm32cubeide_1.17.0/plugins/com.st.stm32cube.ide.mcu.externaltools.gnu-tools-for-stm32.12.3.rel1.linux64_1.1.0.202410170702/tools/bin/../lib/gcc/arm-none-eabi/12.3.1/../../../../arm-none-eabi/lib/thumb/v7e-m+fp/hard/libc_nano.a(libc_a-mprec.o)
                0x0800f6a0                _Bfree
 .text.__multadd
                0x0800f6e4       0x8c /opt/st/stm32cubeide_1.17.0/plugins/com.st.stm32cube.ide.mcu.externaltools.gnu-tools-for-stm32.12.3.rel1.linux64_1.1.0.202410170702/tools/bin/../lib/gcc/arm-none-eabi/12.3.1/../../../../arm-none-eabi/lib/thumb/v7e-m+fp/hard/libc_nano.a(libc_a-mprec.o)
                0x0800f6e4                __multadd
 .text.__hi0bits
                0x0800f770       0x3e /opt/st/stm32cubeide_1.17.0/plugins/com.st.stm32cube.ide.mcu.externaltools.gnu-tools-for-stm32.12.3.rel1.linux64_1.1.0.202410170702/tools/bin/../lib/gcc/arm-none-eabi/12.3.1/../../../../arm-none-eabi/lib/thumb/v7e-m+fp/hard/libc_nano.a(libc_a-mprec.o)
                0x0800f770                __hi0bits
 .text.__lo0bits
                0x0800f7ae       0x5a /opt/st/stm32cubeide_1.17.0/plugins/com.st.stm32cube.ide.mcu.externaltools.gnu-tools-for-stm32.12.3.rel1.linux64_1.1.0.202410170702/tools/bin/../lib/gcc/arm-none-eabi/12.3.1/../../../../arm-none-eabi/lib/thumb/v7e-m+fp/hard/libc_nano.a(libc_a-mprec.o)
                0x0800f7ae                __lo0bits
 .text.__i2b    0x0800f808       0x2c /opt/st/stm32cubeide_1.17.0/plugins/com.st.stm32cube.ide.mcu.externaltools.gnu-tools-for-stm32.12.3.rel1.linux64_1.1.0.202410170702/tools/bin/../lib/gcc/arm-none-eabi/12.3.1/../../../../arm-none-eabi/lib/thumb/v7e-m+fp/hard/libc_nano.a(libc_a-mprec.o)
                0x0800f808                __i2b
 .text.__multiply
                0x0800f834      0x154 /opt/st/stm32cubeide_1.17.0/plugins/com.st.stm32cube.ide.mcu.externaltools.gnu-tools-for-stm32.12.3.rel1.linux64_1.1.0.202410170702/tools/bin/../lib/gcc/arm-none-eabi/12.3.1/../../../../arm-none-eabi/lib/thumb/v7e-m+fp/hard/libc_nano.a(libc_a-mprec.o)
                0x0800f834                __multiply
 .text.__pow5mult
                0x0800f988       0xb4 /opt/st/stm32cubeide_1.17.0/plugins/com.st.stm32cube.ide.mcu.externaltools.gnu-tools-for-stm32.12.3.rel1.linux64_1.1.0.202410170702/tools/bin/../lib/gcc/arm-none-eabi/12.3.1/../../../../arm-none-eabi/lib/thumb/v7e-m+fp/hard/libc_nano.a(libc_a-mprec.o)
                0x0800f988                __pow5mult
 .text.__lshift
                0x0800fa3c       0xd8 /opt/st/stm32cubeide_1.17.0/plugins/com.st.stm32cube.ide.mcu.externaltools.gnu-tools-for-stm32.12.3.rel1.linux64_1.1.0.202410170702/tools/bin/../lib/gcc/arm-none-eabi/12.3.1/../../../../arm-none-eabi/lib/thumb/v7e-m+fp/hard/libc_nano.a(libc_a-mprec.o)
                0x0800fa3c                __lshift
 .text.__mcmp   0x0800fb14       0x36 /opt/st/stm32cubeide_1.17.0/plugins/com.st.stm32cube.ide.mcu.externaltools.gnu-tools-for-stm32.12.3.rel1.linux64_1.1.0.202410170702/tools/bin/../lib/gcc/arm-none-eabi/12.3.1/../../../../arm-none-eabi/lib/thumb/v7e-m+fp/hard/libc_nano.a(libc_a-mprec.o)
                0x0800fb14                __mcmp
 *fill*         0x0800fb4a        0x2 
 .text.__mdiff  0x0800fb4c      0x128 /opt/st/stm32cubeide_1.17.0/plugins/com.st.stm32cube.ide.mcu.externaltools.gnu-tools-for-stm32.12.3.rel1.linux64_1.1.0.202410170702/tools/bin/../lib/gcc/arm-none-eabi/12.3.1/../../../../arm-none-eabi/lib/thumb/v7e-m+fp/hard/libc_nano.a(libc_a-mprec.o)
                0x0800fb4c                __mdiff
 .text.__d2b    0x0800fc74       0xb0 /opt/st/stm32cubeide_1.17.0/plugins/com.st.stm32cube.ide.mcu.externaltools.gnu-tools-for-stm32.12.3.rel1.linux64_1.1.0.202410170702/tools/bin/../lib/gcc/arm-none-eabi/12.3.1/../../../../arm-none-eabi/lib/thumb/v7e-m+fp/hard/libc_nano.a(libc_a-mprec.o)
                0x0800fc74                __d2b
 .text.__ssputs_r
                0x0800fd24       0xb6 /opt/st/stm32cubeide_1.17.0/plugins/com.st.stm32cube.ide.mcu.externaltools.gnu-tools-for-stm32.12.3.rel1.linux64_1.1.0.202410170702/tools/bin/../lib/gcc/arm-none-eabi/12.3.1/../../../../arm-none-eabi/lib/thumb/v7e-m+fp/hard/libc_nano.a(libc_a-nano-svfprintf.o)
                0x0800fd24                __ssputs_r
 *fill*         0x0800fdda        0x2 
 .text._svfprintf_r
                0x0800fddc      0x1f8 /opt/st/stm32cubeide_1.17.0/plugins/com.st.stm32cube.ide.mcu.externaltools.gnu-tools-for-stm32.12.3.rel1.linux64_1.1.0.202410170702/tools/bin/../lib/gcc/arm-none-eabi/12.3.1/../../../../arm-none-eabi/lib/thumb/v7e-m+fp/hard/libc_nano.a(libc_a-nano-svfprintf.o)
                0x0800fddc                _svfprintf_r
                0x0800fddc                _svfiprintf_r
 .text.__sfputc_r
                0x0800ffd4       0x2e /opt/st/stm32cubeide_1.17.0/plugins/com.st.stm32cube.ide.mcu.externaltools.gnu-tools-for-stm32.12.3.rel1.linux64_1.1.0.202410170702/tools/bin/../lib/gcc/arm-none-eabi/12.3.1/../../../../arm-none-eabi/lib/thumb/v7e-m+fp/hard/libc_nano.a(libc_a-nano-vfprintf.o)
 .text.__sfputs_r
                0x08010002       0x24 /opt/st/stm32cubeide_1.17.0/plugins/com.st.stm32cube.ide.mcu.externaltools.gnu-tools-for-stm32.12.3.rel1.linux64_1.1.0.202410170702/tools/bin/../lib/gcc/arm-none-eabi/12.3.1/../../../../arm-none-eabi/lib/thumb/v7e-m+fp/hard/libc_nano.a(libc_a-nano-vfprintf.o)
                0x08010002                __sfputs_r
 *fill*         0x08010026        0x2 
 .text._vfprintf_r
                0x08010028      0x230 /opt/st/stm32cubeide_1.17.0/plugins/com.st.stm32cube.ide.mcu.externaltools.gnu-tools-for-stm32.12.3.rel1.linux64_1.1.0.202410170702/tools/bin/../lib/gcc/arm-none-eabi/12.3.1/../../../../arm-none-eabi/lib/thumb/v7e-m+fp/hard/libc_nano.a(libc_a-nano-vfprintf.o)
                0x08010028                _vfiprintf_r
                0x08010028                _vfprintf_r
 .text.__sflush_r
                0x08010258      0x108 /opt/st/stm32cubeide_1.17.0/plugins/com.st.stm32cube.ide.mcu.externaltools.gnu-tools-for-stm32.12.3.rel1.linux64_1.1.0.202410170702/tools/bin/../lib/gcc/arm-none-eabi/12.3.1/../../../../arm-none-eabi/lib/thumb/v7e-m+fp/hard/libc_nano.a(libc_a-fflush.o)
                0x08010258                __sflush_r
 .text._fflush_r
                0x08010360       0x50 /opt/st/stm32cubeide_1.17.0/plugins/com.st.stm32cube.ide.mcu.externaltools.gnu-tools-for-stm32.12.3.rel1.linux64_1.1.0.202410170702/tools/bin/../lib/gcc/arm-none-eabi/12.3.1/../../../../arm-none-eabi/lib/thumb/v7e-m+fp/hard/libc_nano.a(libc_a-fflush.o)
                0x08010360                _fflush_r
 .text.__swhatbuf_r
                0x080103b0       0x4c /opt/st/stm32cubeide_1.17.0/plugins/com.st.stm32cube.ide.mcu.externaltools.gnu-tools-for-stm32.12.3.rel1.linux64_1.1.0.202410170702/tools/bin/../lib/gcc/arm-none-eabi/12.3.1/../../../../arm-none-eabi/lib/thumb/v7e-m+fp/hard/libc_nano.a(libc_a-makebuf.o)
                0x080103b0                __swhatbuf_r
 .text.__smakebuf_r
                0x080103fc       0x78 /opt/st/stm32cubeide_1.17.0/plugins/com.st.stm32cube.ide.mcu.externaltools.gnu-tools-for-stm32.12.3.rel1.linux64_1.1.0.202410170702/tools/bin/../lib/gcc/arm-none-eabi/12.3.1/../../../../arm-none-eabi/lib/thumb/v7e-m+fp/hard/libc_nano.a(libc_a-makebuf.o)
                0x080103fc                __smakebuf_r
 .text.memmove  0x08010474       0x34 /opt/st/stm32cubeide_1.17.0/plugins/com.st.stm32cube.ide.mcu.externaltools.gnu-tools-for-stm32.12.3.rel1.linux64_1.1.0.202410170702/tools/bin/../lib/gcc/arm-none-eabi/12.3.1/../../../../arm-none-eabi/lib/thumb/v7e-m+fp/hard/libc_nano.a(libc_a-memmove.o)
                0x08010474                memmove
 .text._fstat_r
                0x080104a8       0x24 /opt/st/stm32cubeide_1.17.0/plugins/com.st.stm32cube.ide.mcu.externaltools.gnu-tools-for-stm32.12.3.rel1.linux64_1.1.0.202410170702/tools/bin/../lib/gcc/arm-none-eabi/12.3.1/../../../../arm-none-eabi/lib/thumb/v7e-m+fp/hard/libc_nano.a(libc_a-fstatr.o)
                0x080104a8                _fstat_r
 .text._isatty_r
                0x080104cc       0x20 /opt/st/stm32cubeide_1.17.0/plugins/com.st.stm32cube.ide.mcu.externaltools.gnu-tools-for-stm32.12.3.rel1.linux64_1.1.0.202410170702/tools/bin/../lib/gcc/arm-none-eabi/12.3.1/../../../../arm-none-eabi/lib/thumb/v7e-m+fp/hard/libc_nano.a(libc_a-isattyr.o)
                0x080104cc                _isatty_r
 .text._sbrk_r  0x080104ec       0x20 /opt/st/stm32cubeide_1.17.0/plugins/com.st.stm32cube.ide.mcu.externaltools.gnu-tools-for-stm32.12.3.rel1.linux64_1.1.0.202410170702/tools/bin/../lib/gcc/arm-none-eabi/12.3.1/../../../../arm-none-eabi/lib/thumb/v7e-m+fp/hard/libc_nano.a(libc_a-sbrkr.o)
                0x080104ec                _sbrk_r
 .text.__assert_func
                0x0801050c       0x3c /opt/st/stm32cubeide_1.17.0/plugins/com.st.stm32cube.ide.mcu.externaltools.gnu-tools-for-stm32.12.3.rel1.linux64_1.1.0.202410170702/tools/bin/../lib/gcc/arm-none-eabi/12.3.1/../../../../arm-none-eabi/lib/thumb/v7e-m+fp/hard/libc_nano.a(libc_a-assert.o)
                0x0801050c                __assert_func
 .text._calloc_r
                0x08010548       0x28 /opt/st/stm32cubeide_1.17.0/plugins/com.st.stm32cube.ide.mcu.externaltools.gnu-tools-for-stm32.12.3.rel1.linux64_1.1.0.202410170702/tools/bin/../lib/gcc/arm-none-eabi/12.3.1/../../../../arm-none-eabi/lib/thumb/v7e-m+fp/hard/libc_nano.a(libc_a-callocr.o)
                0x08010548                _calloc_r
 .text.__ascii_mbtowc
                0x08010570       0x24 /opt/st/stm32cubeide_1.17.0/plugins/com.st.stm32cube.ide.mcu.externaltools.gnu-tools-for-stm32.12.3.rel1.linux64_1.1.0.202410170702/tools/bin/../lib/gcc/arm-none-eabi/12.3.1/../../../../arm-none-eabi/lib/thumb/v7e-m+fp/hard/libc_nano.a(libc_a-mbtowc_r.o)
                0x08010570                __ascii_mbtowc
 .text._realloc_r
                0x08010594       0x5c /opt/st/stm32cubeide_1.17.0/plugins/com.st.stm32cube.ide.mcu.externaltools.gnu-tools-for-stm32.12.3.rel1.linux64_1.1.0.202410170702/tools/bin/../lib/gcc/arm-none-eabi/12.3.1/../../../../arm-none-eabi/lib/thumb/v7e-m+fp/hard/libc_nano.a(libc_a-reallocr.o)
                0x08010594                _realloc_r
 .text.__ascii_wctomb
                0x080105f0       0x1a /opt/st/stm32cubeide_1.17.0/plugins/com.st.stm32cube.ide.mcu.externaltools.gnu-tools-for-stm32.12.3.rel1.linux64_1.1.0.202410170702/tools/bin/../lib/gcc/arm-none-eabi/12.3.1/../../../../arm-none-eabi/lib/thumb/v7e-m+fp/hard/libc_nano.a(libc_a-wctomb_r.o)
                0x080105f0                __ascii_wctomb
 *fill*         0x0801060a        0x2 
 .text.fprintf  0x0801060c       0x24 /opt/st/stm32cubeide_1.17.0/plugins/com.st.stm32cube.ide.mcu.externaltools.gnu-tools-for-stm32.12.3.rel1.linux64_1.1.0.202410170702/tools/bin/../lib/gcc/arm-none-eabi/12.3.1/../../../../arm-none-eabi/lib/thumb/v7e-m+fp/hard/libc_nano.a(libc_a-fprintf.o)
                0x0801060c                fprintf
                0x0801060c                fiprintf
 .text.abort    0x08010630        0xe /opt/st/stm32cubeide_1.17.0/plugins/com.st.stm32cube.ide.mcu.externaltools.gnu-tools-for-stm32.12.3.rel1.linux64_1.1.0.202410170702/tools/bin/../lib/gcc/arm-none-eabi/12.3.1/../../../../arm-none-eabi/lib/thumb/v7e-m+fp/hard/libc_nano.a(libc_a-abort.o)
                0x08010630                abort
 .text._malloc_usable_size_r
                0x0801063e       0x10 /opt/st/stm32cubeide_1.17.0/plugins/com.st.stm32cube.ide.mcu.externaltools.gnu-tools-for-stm32.12.3.rel1.linux64_1.1.0.202410170702/tools/bin/../lib/gcc/arm-none-eabi/12.3.1/../../../../arm-none-eabi/lib/thumb/v7e-m+fp/hard/libc_nano.a(libc_a-msizer.o)
                0x0801063e                _malloc_usable_size_r
 .text._raise_r
                0x0801064e       0x50 /opt/st/stm32cubeide_1.17.0/plugins/com.st.stm32cube.ide.mcu.externaltools.gnu-tools-for-stm32.12.3.rel1.linux64_1.1.0.202410170702/tools/bin/../lib/gcc/arm-none-eabi/12.3.1/../../../../arm-none-eabi/lib/thumb/v7e-m+fp/hard/libc_nano.a(libc_a-signal.o)
                0x0801064e                _raise_r
 *fill*         0x0801069e        0x2 
 .text.raise    0x080106a0       0x10 /opt/st/stm32cubeide_1.17.0/plugins/com.st.stm32cube.ide.mcu.externaltools.gnu-tools-for-stm32.12.3.rel1.linux64_1.1.0.202410170702/tools/bin/../lib/gcc/arm-none-eabi/12.3.1/../../../../arm-none-eabi/lib/thumb/v7e-m+fp/hard/libc_nano.a(libc_a-signal.o)
                0x080106a0                raise
 .text._kill_r  0x080106b0       0x24 /opt/st/stm32cubeide_1.17.0/plugins/com.st.stm32cube.ide.mcu.externaltools.gnu-tools-for-stm32.12.3.rel1.linux64_1.1.0.202410170702/tools/bin/../lib/gcc/arm-none-eabi/12.3.1/../../../../arm-none-eabi/lib/thumb/v7e-m+fp/hard/libc_nano.a(libc_a-signalr.o)
                0x080106b0                _kill_r
 .text._getpid_r
                0x080106d4        0x4 /opt/st/stm32cubeide_1.17.0/plugins/com.st.stm32cube.ide.mcu.externaltools.gnu-tools-for-stm32.12.3.rel1.linux64_1.1.0.202410170702/tools/bin/../lib/gcc/arm-none-eabi/12.3.1/../../../../arm-none-eabi/lib/thumb/v7e-m+fp/hard/libc_nano.a(libc_a-signalr.o)
                0x080106d4                _getpid_r
 .text.ceil     0x080106d8       0xf8 /opt/st/stm32cubeide_1.17.0/plugins/com.st.stm32cube.ide.mcu.externaltools.gnu-tools-for-stm32.12.3.rel1.linux64_1.1.0.202410170702/tools/bin/../lib/gcc/arm-none-eabi/12.3.1/../../../../arm-none-eabi/lib/thumb/v7e-m+fp/hard/libm.a(libm_a-s_ceil.o)
                0x080106d8                ceil
 *(.glue_7)
 .glue_7        0x080107d0        0x0 linker stubs
 *(.glue_7t)
 .glue_7t       0x080107d0        0x0 linker stubs
 *(.eh_frame)
 .eh_frame      0x080107d0        0x0 /opt/st/stm32cubeide_1.17.0/plugins/com.st.stm32cube.ide.mcu.externaltools.gnu-tools-for-stm32.12.3.rel1.linux64_1.1.0.202410170702/tools/bin/../lib/gcc/arm-none-eabi/12.3.1/thumb/v7e-m+fp/hard/crtbegin.o
 *(.init)
 .init          0x080107d0        0x4 /opt/st/stm32cubeide_1.17.0/plugins/com.st.stm32cube.ide.mcu.externaltools.gnu-tools-for-stm32.12.3.rel1.linux64_1.1.0.202410170702/tools/bin/../lib/gcc/arm-none-eabi/12.3.1/thumb/v7e-m+fp/hard/crti.o
                0x080107d0                _init
 .init          0x080107d4        0x8 /opt/st/stm32cubeide_1.17.0/plugins/com.st.stm32cube.ide.mcu.externaltools.gnu-tools-for-stm32.12.3.rel1.linux64_1.1.0.202410170702/tools/bin/../lib/gcc/arm-none-eabi/12.3.1/thumb/v7e-m+fp/hard/crtn.o
 *(.fini)
 .fini          0x080107dc        0x4 /opt/st/stm32cubeide_1.17.0/plugins/com.st.stm32cube.ide.mcu.externaltools.gnu-tools-for-stm32.12.3.rel1.linux64_1.1.0.202410170702/tools/bin/../lib/gcc/arm-none-eabi/12.3.1/thumb/v7e-m+fp/hard/crti.o
                0x080107dc                _fini
 .fini          0x080107e0        0x8 /opt/st/stm32cubeide_1.17.0/plugins/com.st.stm32cube.ide.mcu.externaltools.gnu-tools-for-stm32.12.3.rel1.linux64_1.1.0.202410170702/tools/bin/../lib/gcc/arm-none-eabi/12.3.1/thumb/v7e-m+fp/hard/crtn.o
                0x080107e8                        . = ALIGN (0x4)
                0x080107e8                        _etext = .

.vfp11_veneer   0x080107e8        0x0
 .vfp11_veneer  0x080107e8        0x0 linker stubs

.v4_bx          0x080107e8        0x0
 .v4_bx         0x080107e8        0x0 linker stubs

.iplt           0x080107e8        0x0
 .iplt          0x080107e8        0x0 /opt/st/stm32cubeide_1.17.0/plugins/com.st.stm32cube.ide.mcu.externaltools.gnu-tools-for-stm32.12.3.rel1.linux64_1.1.0.202410170702/tools/bin/../lib/gcc/arm-none-eabi/12.3.1/thumb/v7e-m+fp/hard/crtbegin.o

.rodata         0x080107e8      0xb50
                0x080107e8                        . = ALIGN (0x4)
 *(.rodata)
 .rodata        0x080107e8       0x63 ./Core/Src/main.o
 *fill*         0x0801084b        0x1 
 .rodata        0x0801084c      0x1e7 ./Core/Src/core/command.o
 *fill*         0x08010a33        0x1 
 .rodata        0x08010a34       0xa2 ./Core/Src/core/control.o
 *fill*         0x08010ad6        0x2 
 .rodata        0x08010ad8       0x3e ./Core/Src/core/informationMessage.o
 *fill*         0x08010b16        0x2 
 .rodata        0x08010b18       0x16 ./Core/Src/core/setup.o
 *fill*         0x08010b2e        0x2 
 .rodata        0x08010b30       0x37 ./Core/Src/digipeaterMode/ModeDigipeater.o
 *fill*         0x08010b67        0x1 
 .rodata        0x08010b68       0x29 ./Core/Src/dropMsgMngt/DropMessage.o
 *fill*         0x08010b91        0x3 
 .rodata        0x08010b94      0x1ae ./Core/Src/experimentalMode/experimentalMode.o
 *fill*         0x08010d42        0x2 
 .rodata        0x08010d44       0x39 ./Core/Src/logMngt/log.o
 *fill*         0x08010d7d        0x3 
 .rodata        0x08010d80      0x139 ./Core/Src/mailboxMode/mailbox.o
 *fill*         0x08010eb9        0x3 
 .rodata        0x08010ebc       0x2a ./Core/Src/mailboxMode/modeMailbox.o
 *fill*         0x08010ee6        0x2 
 .rodata        0x08010ee8       0x6b ./Core/Src/payloadMode/payloadMode.o
 *fill*         0x08010f53        0x1 
 .rodata        0x08010f54       0x2a ./Core/Src/surveyMode/survey.o
 *(.rodata*)
 *fill*         0x08010f7e        0x2 
 .rodata.AHBPrescTable
                0x08010f80       0x10 ./Core/Src/system_stm32l4xx.o
                0x08010f80                AHBPrescTable
 .rodata.APBPrescTable
                0x08010f90        0x8 ./Core/Src/system_stm32l4xx.o
                0x08010f90                APBPrescTable
 .rodata.MSIRangeTable
                0x08010f98       0x30 ./Core/Src/system_stm32l4xx.o
                0x08010f98                MSIRangeTable
 .rodata._printf_float.str1.1
                0x08010fc8       0x12 /opt/st/stm32cubeide_1.17.0/plugins/com.st.stm32cube.ide.mcu.externaltools.gnu-tools-for-stm32.12.3.rel1.linux64_1.1.0.202410170702/tools/bin/../lib/gcc/arm-none-eabi/12.3.1/../../../../arm-none-eabi/lib/thumb/v7e-m+fp/hard/libc_nano.a(libc_a-nano-vfprintf_float.o)
 .rodata._printf_i.str1.1
                0x08010fda       0x22 /opt/st/stm32cubeide_1.17.0/plugins/com.st.stm32cube.ide.mcu.externaltools.gnu-tools-for-stm32.12.3.rel1.linux64_1.1.0.202410170702/tools/bin/../lib/gcc/arm-none-eabi/12.3.1/../../../../arm-none-eabi/lib/thumb/v7e-m+fp/hard/libc_nano.a(libc_a-nano-vfprintf_i.o)
 .rodata._dtoa_r.str1.1
                0x08010ffc       0x8d /opt/st/stm32cubeide_1.17.0/plugins/com.st.stm32cube.ide.mcu.externaltools.gnu-tools-for-stm32.12.3.rel1.linux64_1.1.0.202410170702/tools/bin/../lib/gcc/arm-none-eabi/12.3.1/../../../../arm-none-eabi/lib/thumb/v7e-m+fp/hard/libc_nano.a(libc_a-dtoa.o)
                                 0x8f (size before relaxing)
 .rodata._Balloc.str1.1
                0x08011089       0x59 /opt/st/stm32cubeide_1.17.0/plugins/com.st.stm32cube.ide.mcu.externaltools.gnu-tools-for-stm32.12.3.rel1.linux64_1.1.0.202410170702/tools/bin/../lib/gcc/arm-none-eabi/12.3.1/../../../../arm-none-eabi/lib/thumb/v7e-m+fp/hard/libc_nano.a(libc_a-mprec.o)
                                 0x70 (size before relaxing)
 .rodata.__multadd.str1.1
                0x080110e2       0x11 /opt/st/stm32cubeide_1.17.0/plugins/com.st.stm32cube.ide.mcu.externaltools.gnu-tools-for-stm32.12.3.rel1.linux64_1.1.0.202410170702/tools/bin/../lib/gcc/arm-none-eabi/12.3.1/../../../../arm-none-eabi/lib/thumb/v7e-m+fp/hard/libc_nano.a(libc_a-mprec.o)
 *fill*         0x080110e2        0x2 
 .rodata.p05.0  0x080110e4        0xc /opt/st/stm32cubeide_1.17.0/plugins/com.st.stm32cube.ide.mcu.externaltools.gnu-tools-for-stm32.12.3.rel1.linux64_1.1.0.202410170702/tools/bin/../lib/gcc/arm-none-eabi/12.3.1/../../../../arm-none-eabi/lib/thumb/v7e-m+fp/hard/libc_nano.a(libc_a-mprec.o)
 .rodata.__mprec_bigtens
                0x080110f0       0x28 /opt/st/stm32cubeide_1.17.0/plugins/com.st.stm32cube.ide.mcu.externaltools.gnu-tools-for-stm32.12.3.rel1.linux64_1.1.0.202410170702/tools/bin/../lib/gcc/arm-none-eabi/12.3.1/../../../../arm-none-eabi/lib/thumb/v7e-m+fp/hard/libc_nano.a(libc_a-mprec.o)
                0x080110f0                __mprec_bigtens
 .rodata.__mprec_tens
                0x08011118       0xc8 /opt/st/stm32cubeide_1.17.0/plugins/com.st.stm32cube.ide.mcu.externaltools.gnu-tools-for-stm32.12.3.rel1.linux64_1.1.0.202410170702/tools/bin/../lib/gcc/arm-none-eabi/12.3.1/../../../../arm-none-eabi/lib/thumb/v7e-m+fp/hard/libc_nano.a(libc_a-mprec.o)
                0x08011118                __mprec_tens
 .rodata._svfprintf_r.str1.1
                0x080111e0       0x11 /opt/st/stm32cubeide_1.17.0/plugins/com.st.stm32cube.ide.mcu.externaltools.gnu-tools-for-stm32.12.3.rel1.linux64_1.1.0.202410170702/tools/bin/../lib/gcc/arm-none-eabi/12.3.1/../../../../arm-none-eabi/lib/thumb/v7e-m+fp/hard/libc_nano.a(libc_a-nano-svfprintf.o)
 .rodata._vfprintf_r.str1.1
                0x080111f1       0x11 /opt/st/stm32cubeide_1.17.0/plugins/com.st.stm32cube.ide.mcu.externaltools.gnu-tools-for-stm32.12.3.rel1.linux64_1.1.0.202410170702/tools/bin/../lib/gcc/arm-none-eabi/12.3.1/../../../../arm-none-eabi/lib/thumb/v7e-m+fp/hard/libc_nano.a(libc_a-nano-vfprintf.o)
 .rodata._setlocale_r.str1.1
                0x080111f1        0x8 /opt/st/stm32cubeide_1.17.0/plugins/com.st.stm32cube.ide.mcu.externaltools.gnu-tools-for-stm32.12.3.rel1.linux64_1.1.0.202410170702/tools/bin/../lib/gcc/arm-none-eabi/12.3.1/../../../../arm-none-eabi/lib/thumb/v7e-m+fp/hard/libc_nano.a(libc_a-locale.o)
                                  0x9 (size before relaxing)
 .rodata.str1.1
                0x080111f9        0x2 /opt/st/stm32cubeide_1.17.0/plugins/com.st.stm32cube.ide.mcu.externaltools.gnu-tools-for-stm32.12.3.rel1.linux64_1.1.0.202410170702/tools/bin/../lib/gcc/arm-none-eabi/12.3.1/../../../../arm-none-eabi/lib/thumb/v7e-m+fp/hard/libc_nano.a(libc_a-locale.o)
 .rodata.__assert_func.str1.1
                0x080111fb       0x3c /opt/st/stm32cubeide_1.17.0/plugins/com.st.stm32cube.ide.mcu.externaltools.gnu-tools-for-stm32.12.3.rel1.linux64_1.1.0.202410170702/tools/bin/../lib/gcc/arm-none-eabi/12.3.1/../../../../arm-none-eabi/lib/thumb/v7e-m+fp/hard/libc_nano.a(libc_a-assert.o)
                                 0x3d (size before relaxing)
 .rodata._ctype_
                0x08011237      0x101 /opt/st/stm32cubeide_1.17.0/plugins/com.st.stm32cube.ide.mcu.externaltools.gnu-tools-for-stm32.12.3.rel1.linux64_1.1.0.202410170702/tools/bin/../lib/gcc/arm-none-eabi/12.3.1/../../../../arm-none-eabi/lib/thumb/v7e-m+fp/hard/libc_nano.a(libc_a-ctype_.o)
                0x08011237                _ctype_
                0x08011338                        . = ALIGN (0x4)

.ARM.extab      0x08011338        0x0
                0x08011338                        . = ALIGN (0x4)
 *(.ARM.extab* .gnu.linkonce.armextab.*)
                0x08011338                        . = ALIGN (0x4)

.ARM            0x08011338        0x8
                0x08011338                        . = ALIGN (0x4)
                0x08011338                        __exidx_start = .
 *(.ARM.exidx*)
 .ARM.exidx     0x08011338        0x8 /opt/st/stm32cubeide_1.17.0/plugins/com.st.stm32cube.ide.mcu.externaltools.gnu-tools-for-stm32.12.3.rel1.linux64_1.1.0.202410170702/tools/bin/../lib/gcc/arm-none-eabi/12.3.1/../../../../arm-none-eabi/lib/thumb/v7e-m+fp/hard/libc_nano.a(libc_a-memchr.o)